Archive member included because of file (symbol)

/cygdrive/C/cygwin/nxtOSEK/ecrobot/../ecrobot/libecrobot.a(ecrobot_interface.o)
                              build/src/robot/main.o (ecrobot_set_light_sensor_active)
/cygdrive/C/cygwin/nxtOSEK/ecrobot/../ecrobot/libecrobot.a(colorsensor.o)
                              /cygdrive/C/cygwin/nxtOSEK/ecrobot/../ecrobot/libecrobot.a(ecrobot_interface.o) (colorsensor_init)
/cygdrive/C/cygwin/nxtOSEK/ecrobot/../ecrobot/libecrobot.a(osek_hook.o)
                              build/kernel/osctl.o (StartupHook)
/cygdrive/C/cygwin/nxtOSEK/ecrobot/../ecrobot/libecrobot.a(uart.oram)
                              build/config/at91sam7s-gnu/irq.oram (uart_isr_C_0)
/cygdrive/C/cygwin/nxtOSEK/ecrobot/../ecrobot/libecrobot.a(systick.oram)
                              build/syslib/at91sam7s-gnu/lego_nxt/hw_sys_timer.oram (systick_low_priority_C)
/cygdrive/C/cygwin/nxtOSEK/ecrobot/../ecrobot/libecrobot.a(byte_fifo.oram)
                              /cygdrive/C/cygwin/nxtOSEK/ecrobot/../ecrobot/libecrobot.a(uart.oram) (byte_fifo_put)
/cygdrive/C/cygwin/nxtOSEK/ecrobot/../ecrobot/libecrobot.a(aic.oram)
                              /cygdrive/C/cygwin/nxtOSEK/ecrobot/../ecrobot/libecrobot.a(uart.oram) (aic_set_vector)
/cygdrive/C/cygwin/nxtOSEK/ecrobot/../ecrobot/libecrobot.a(udp.oram)
                              build/config/at91sam7s-gnu/irq.oram (udp_isr_C)
/cygdrive/C/cygwin/nxtOSEK/ecrobot/../ecrobot/libecrobot.a(twi.oram)
                              build/config/at91sam7s-gnu/irq.oram (twi_isr_C)
/cygdrive/C/cygwin/nxtOSEK/ecrobot/../ecrobot/libecrobot.a(nxt_spi.oram)
                              build/config/at91sam7s-gnu/irq.oram (spi_isr_C)
/cygdrive/C/cygwin/nxtOSEK/ecrobot/../ecrobot/libecrobot.a(nxt_motors.oram)
                              build/src/robot/main.o (nxt_motor_get_count)
/cygdrive/C/cygwin/nxtOSEK/ecrobot/../ecrobot/libecrobot.a(data_abort.oram)
                              build/ecrobot_init.o (data_abort_C)
/cygdrive/C/cygwin/nxtOSEK/ecrobot/../ecrobot/libecrobot.a(display.oram)
                              build/ecrobot_base.o (display_update)
/cygdrive/C/cygwin/nxtOSEK/ecrobot/../ecrobot/libecrobot.a(i2c.oram)
                              build/config/at91sam7s-gnu/irq.oram (i2c_timer_isr_C)
/cygdrive/C/cygwin/nxtOSEK/ecrobot/../ecrobot/libecrobot.a(sound.oram)
                              /cygdrive/C/cygwin/nxtOSEK/ecrobot/../ecrobot/libecrobot.a(ecrobot_interface.o) (sound_get_time)
/cygdrive/C/cygwin/nxtOSEK/ecrobot/../ecrobot/libecrobot.a(bt.oram)
                              build/ecrobot_bluetooth.o (bt_send)
/cygdrive/C/cygwin/nxtOSEK/ecrobot/../ecrobot/libecrobot.a(nxt_avr.oram)
                              build/ecrobot_base.o (nxt_avr_power_down)
/cygdrive/C/cygwin/nxtOSEK/ecrobot/../ecrobot/libecrobot.a(sensors.oram)
                              /cygdrive/C/cygwin/nxtOSEK/ecrobot/../ecrobot/libecrobot.a(ecrobot_interface.o) (unset_digi0)
/cygdrive/C/cygwin/nxtOSEK/ecrobot/../ecrobot/libecrobot.a(sensors1.oram)
                              /cygdrive/C/cygwin/nxtOSEK/ecrobot/../ecrobot/libecrobot.a(colorsensor.o) (sensor_pins)
/cygdrive/C/cygwin/nxtOSEK/ecrobot/../ecrobot/libecrobot.a(nxt_lcd.oram)
                              /cygdrive/C/cygwin/nxtOSEK/ecrobot/../ecrobot/libecrobot.a(display.oram) (nxt_lcd_force_update)
/cygdrive/C/cygwin/nxtOSEK/ecrobot/../ecrobot/libecrobot.a(flash_loader.oram)
                              build/ecrobot.o (set_flash_request)
/cygdrive/C/cygwin/nxtOSEK/ecrobot/../ecrobot/libecrobot.a(interrupts.oram)
                              /cygdrive/C/cygwin/nxtOSEK/ecrobot/../ecrobot/libecrobot.a(uart.oram) (interrupts_get_and_disable)
/cygdrive/C/cygwin/nxtOSEK/ecrobot/../ecrobot/libecrobot.a(nxtosek_splash.obmp)
                              build/ecrobot_base.o (nxtosek_splash_bmp_start)
/cygdrive/C/cygwin/nxtOSEK/ecrobot/../ecrobot/libecrobot.a(ecrobot_usb.o)
                              /cygdrive/C/cygwin/nxtOSEK/ecrobot/../ecrobot/libecrobot.a(flash_loader.oram) (ecrobot_init_usb)
/cygdrive/C/cygwin/nxtOSEK/ecrobot/../ecrobot/libecrobot.a(flashprog.oram)
                              /cygdrive/C/cygwin/nxtOSEK/ecrobot/../ecrobot/libecrobot.a(flash_loader.oram) (flash_write_page)
/cygdrive/C/cygwin/GNUARM/bin/../lib/gcc/arm-elf/4.0.2/thumb/interwork/libgcc.a(_udivsi3.o)
                              build/ecrobot_base.o (__udivsi3)
/cygdrive/C/cygwin/GNUARM/bin/../lib/gcc/arm-elf/4.0.2/thumb/interwork/libgcc.a(_divsi3.o)
                              build/src/robot/main.o (__divsi3)
/cygdrive/C/cygwin/GNUARM/bin/../lib/gcc/arm-elf/4.0.2/thumb/interwork/libgcc.a(_umodsi3.o)
                              /cygdrive/C/cygwin/nxtOSEK/ecrobot/../ecrobot/libecrobot.a(display.oram) (__umodsi3)
/cygdrive/C/cygwin/GNUARM/bin/../lib/gcc/arm-elf/4.0.2/thumb/interwork/libgcc.a(_modsi3.o)
                              build/src/robot/main.o (__modsi3)
[...]
Memory Configuration

Name             Origin             Length             Attributes
rom              0x00108000         0x00038000
vector_ram       0x00200000         0x00000040
ram              0x00200040         0x0000ffc0
*default*        0x00000000         0xffffffff

Linker script and memory map

LOAD build/kernel/alarm.o
LOAD build/kernel/event.o
LOAD build/kernel/interrupt.o
LOAD build/kernel/osctl.o
LOAD build/kernel/resource.o
LOAD build/kernel/task.o
LOAD build/kernel/task_manage.o
LOAD build/config/at91sam7s-gnu/cpu_config.o
LOAD build/config/at91sam7s-gnu/lego_nxt/sys_config.o
LOAD build/./kernel_cfg.o
LOAD build/syscalls.o
LOAD build/ecrobot_bluetooth.o
LOAD build/ecrobot_base.o
LOAD build/ecrobot.o
LOAD build/src/robot/main.o
LOAD build/src/Algo.o
LOAD build/syslib/at91sam7s-gnu/lego_nxt/hw_sys_timer.oram
LOAD build/nxtvm/platform/nxt/vectors.o
LOAD build/config/at91sam7s-gnu/debug.o
LOAD build/config/at91sam7s-gnu/lego_nxt/sys_support.o
LOAD build/nxt_binary_header.o
LOAD build/nxt_entry_point.o
LOAD build/ecrobot_init.o
LOAD build/config/at91sam7s-gnu/cpu_support.oram
LOAD build/config/at91sam7s-gnu/irq.oram
LOAD /cygdrive/C/cygwin/nxtOSEK/ecrobot/../c++/liblejososek.a
LOAD /cygdrive/C/cygwin/nxtOSEK/ecrobot/../ecrobot/libecrobot.a
LOAD /cygdrive/C/cygwin/GNUARM/bin/../lib/gcc/arm-elf/4.0.2/../../../../arm-elf/lib/thumb/interwork/libstdc++.a
LOAD /cygdrive/C/cygwin/GNUARM/bin/../lib/gcc/arm-elf/4.0.2/../../../../arm-elf/lib/thumb/interwork/libm.a
LOAD /cygdrive/C/cygwin/GNUARM/bin/../lib/gcc/arm-elf/4.0.2/thumb/interwork/libgcc.a
LOAD /cygdrive/C/cygwin/GNUARM/bin/../lib/gcc/arm-elf/4.0.2/../../../../arm-elf/lib/thumb/interwork/libc.a
LOAD /cygdrive/C/cygwin/GNUARM/bin/../lib/gcc/arm-elf/4.0.2/thumb/interwork/libgcc.a
                0x00108000                ROM_BASE = 0x108000
                0x00038000                ROM_SIZE = 0x38000
                0x00200000                RAM_BASE = 0x200000
                0x00010000                RAM_SIZE = 0x10000

.vectors        0x00200000       0x40 load address 0x00108000
 vectors.o(*.text *.text.*)
 .text          0x00200000       0x38 build/nxtvm/platform/nxt/vectors.o
                0x00200040                . = ALIGN (0x10)
 *fill*         0x00200038        0x8 00
                0x00200000                __vectors_ram_start__ = ADDR (.vectors)
                0x00200040                __vectors_ram_end__ = (ADDR (.vectors) + SIZEOF (.vectors))
                0x00108000                __vectors_load_start__ = LOADADDR (.vectors)
                0x00108040                __vectors_load_end__ = (LOADADDR (.vectors) + SIZEOF (.vectors))

.init           0x00108040      0x280
 *ecrobot_init.o(*.text *.text.*)
 .text          0x00108040      0x280 build/ecrobot_init.o
                0x001081ac                undef_handler
                0x001081b4                prefetch_abort_handler
                0x001081b8                data_abort_handler
                0x001081b0                swi_handler
                0x00108040                start
                0x001081d4                reserved_handler
                0x001082c0                . = ALIGN (0x10)

.ram_text       0x00200040     0x3280 load address 0x001082c0
                0x00200040                . = ALIGN (0x10)
 *.oram(*.text *.text.* *.glue*)
 .text.systick_isr_C1
                0x00200040       0x28 build/syslib/at91sam7s-gnu/lego_nxt/hw_sys_timer.oram
                0x00200040                systick_isr_C1
 *fill*         0x00200068        0x8 00
 .text          0x00200070      0x230 build/config/at91sam7s-gnu/cpu_support.oram
                0x00200250                enable_int
                0x002000f0                start_dispatch
                0x002000b0                activate_r
                0x00200248                disable_int
                0x00200070                dispatch
                0x0020021c                int_return
                0x002001ac                _interrupt
                0x002000e0                exit_and_dispatch
                0x00200258                nop
 .text          0x002002a0      0x2c0 build/config/at91sam7s-gnu/irq.oram
                0x002002a0                default_isr
                0x0020042c                uart_isr_entry_0
                0x002003ac                twi_isr_entry
                0x0020046c                uart_isr_entry_1
                0x0020036c                spi_isr_entry
                0x002002ec                systick_low_priority_entry
                0x002004ac                nxt_motor_isr_entry
                0x002004ec                i2c_timer_isr_entry
                0x002002a0                default_fiq
                0x002002a4                systick_isr_entry
                0x002002a0                spurious_isr
                0x002003ec                sound_isr_entry
                0x0020032c                udp_isr_entry
 .text.uart_process_isr
                0x00200560       0x88 /cygdrive/C/cygwin/nxtOSEK/ecrobot/../ecrobot/libecrobot.a(uart.oram)
 .text.uart_isr_C_0
                0x002005e8        0xc /cygdrive/C/cygwin/nxtOSEK/ecrobot/../ecrobot/libecrobot.a(uart.oram)
                0x002005e8                uart_isr_C_0
 .text.uart_isr_C_1
                0x002005f4        0xc /cygdrive/C/cygwin/nxtOSEK/ecrobot/../ecrobot/libecrobot.a(uart.oram)
                0x002005f4                uart_isr_C_1
 .text.systick_low_priority_C
                0x00200600       0x1c /cygdrive/C/cygwin/nxtOSEK/ecrobot/../ecrobot/libecrobot.a(systick.oram)
                0x00200600                systick_low_priority_C
 .text.systick_isr_C
                0x0020061c       0x24 /cygdrive/C/cygwin/nxtOSEK/ecrobot/../ecrobot/libecrobot.a(systick.oram)
                0x0020061c                systick_isr_C
 .text.systick_get_ms
                0x00200640        0xc /cygdrive/C/cygwin/nxtOSEK/ecrobot/../ecrobot/libecrobot.a(systick.oram)
                0x00200640                systick_get_ms
 .text.systick_wait_ms
                0x0020064c       0x1c /cygdrive/C/cygwin/nxtOSEK/ecrobot/../ecrobot/libecrobot.a(systick.oram)
                0x0020064c                systick_wait_ms
 .text.systick_wait_ns
                0x00200668       0x1c /cygdrive/C/cygwin/nxtOSEK/ecrobot/../ecrobot/libecrobot.a(systick.oram)
                0x00200668                systick_wait_ns
 .text.systick_init
                0x00200684       0x58 /cygdrive/C/cygwin/nxtOSEK/ecrobot/../ecrobot/libecrobot.a(systick.oram)
                0x00200684                systick_init
 .text.systick_suspend
                0x002006dc        0xc /cygdrive/C/cygwin/nxtOSEK/ecrobot/../ecrobot/libecrobot.a(systick.oram)
                0x002006dc                systick_suspend
 .text.systick_resume
                0x002006e8        0xc /cygdrive/C/cygwin/nxtOSEK/ecrobot/../ecrobot/libecrobot.a(systick.oram)
                0x002006e8                systick_resume
 .text.byte_fifo_put
                0x002006f4       0x58 /cygdrive/C/cygwin/nxtOSEK/ecrobot/../ecrobot/libecrobot.a(byte_fifo.oram)
                0x002006f4                byte_fifo_put
 .text.byte_fifo_get
                0x0020074c       0x2c /cygdrive/C/cygwin/nxtOSEK/ecrobot/../ecrobot/libecrobot.a(byte_fifo.oram)
                0x0020074c                byte_fifo_get
 .text.aic_initialise
                0x00200778       0x5c /cygdrive/C/cygwin/nxtOSEK/ecrobot/../ecrobot/libecrobot.a(aic.oram)
                0x00200778                aic_initialise
 .text.aic_set_vector
                0x002007d4       0x30 /cygdrive/C/cygwin/nxtOSEK/ecrobot/../ecrobot/libecrobot.a(aic.oram)
                0x002007d4                aic_set_vector
 .text.aic_mask_on
                0x00200804       0x24 /cygdrive/C/cygwin/nxtOSEK/ecrobot/../ecrobot/libecrobot.a(aic.oram)
                0x00200804                aic_mask_on
 .text.aic_mask_off
                0x00200828       0x24 /cygdrive/C/cygwin/nxtOSEK/ecrobot/../ecrobot/libecrobot.a(aic.oram)
                0x00200828                aic_mask_off
 .text.aic_clear
                0x0020084c       0x24 /cygdrive/C/cygwin/nxtOSEK/ecrobot/../ecrobot/libecrobot.a(aic.oram)
                0x0020084c                aic_clear
 .text.reset    0x00200870       0x4c /cygdrive/C/cygwin/nxtOSEK/ecrobot/../ecrobot/libecrobot.a(udp.oram)
 .text.udp_send_null
                0x002008bc       0x2c /cygdrive/C/cygwin/nxtOSEK/ecrobot/../ecrobot/libecrobot.a(udp.oram)
 .text.udp_send_stall
                0x002008e8       0x2c /cygdrive/C/cygwin/nxtOSEK/ecrobot/../ecrobot/libecrobot.a(udp.oram)
 .text.udp_send_control
                0x00200914       0x60 /cygdrive/C/cygwin/nxtOSEK/ecrobot/../ecrobot/libecrobot.a(udp.oram)
 .text.udp_isr_C
                0x00200974      0x7d0 /cygdrive/C/cygwin/nxtOSEK/ecrobot/../ecrobot/libecrobot.a(udp.oram)
                0x00200974                udp_isr_C
 .text.twi_status
                0x00201144       0x20 /cygdrive/C/cygwin/nxtOSEK/ecrobot/../ecrobot/libecrobot.a(twi.oram)
                0x00201144                twi_status
 .text.twi_isr_C
                0x00201164       0xc4 /cygdrive/C/cygwin/nxtOSEK/ecrobot/../ecrobot/libecrobot.a(twi.oram)
                0x00201164                twi_isr_C
 .text.twi_reset
                0x00201228       0xb4 /cygdrive/C/cygwin/nxtOSEK/ecrobot/../ecrobot/libecrobot.a(twi.oram)
                0x00201228                twi_reset
 .text.twi_init
                0x002012dc       0x4c /cygdrive/C/cygwin/nxtOSEK/ecrobot/../ecrobot/libecrobot.a(twi.oram)
                0x002012dc                twi_init
 .text.twi_start_read
                0x00201328       0x60 /cygdrive/C/cygwin/nxtOSEK/ecrobot/../ecrobot/libecrobot.a(twi.oram)
                0x00201328                twi_start_read
 .text.twi_start_write
                0x00201388       0x64 /cygdrive/C/cygwin/nxtOSEK/ecrobot/../ecrobot/libecrobot.a(twi.oram)
                0x00201388                twi_start_write
 .text.spi_set_mode
                0x002013ec       0x40 /cygdrive/C/cygwin/nxtOSEK/ecrobot/../ecrobot/libecrobot.a(nxt_spi.oram)
 .text.spi_isr_C
                0x0020142c       0x8c /cygdrive/C/cygwin/nxtOSEK/ecrobot/../ecrobot/libecrobot.a(nxt_spi.oram)
                0x0020142c                spi_isr_C
 .text.nxt_spi_init
                0x002014b8      0x12c /cygdrive/C/cygwin/nxtOSEK/ecrobot/../ecrobot/libecrobot.a(nxt_spi.oram)
                0x002014b8                nxt_spi_init
 .text.nxt_spi_write
                0x002015e4       0x44 /cygdrive/C/cygwin/nxtOSEK/ecrobot/../ecrobot/libecrobot.a(nxt_spi.oram)
                0x002015e4                nxt_spi_write
 .text.nxt_spi_set_display
                0x00201628       0x10 /cygdrive/C/cygwin/nxtOSEK/ecrobot/../ecrobot/libecrobot.a(nxt_spi.oram)
                0x00201628                nxt_spi_set_display
 .text.nxt_spi_refresh
                0x00201638       0x24 /cygdrive/C/cygwin/nxtOSEK/ecrobot/../ecrobot/libecrobot.a(nxt_spi.oram)
                0x00201638                nxt_spi_refresh
 .text.nxt_motor_get_count
                0x0020165c       0x14 /cygdrive/C/cygwin/nxtOSEK/ecrobot/../ecrobot/libecrobot.a(nxt_motors.oram)
                0x0020165c                nxt_motor_get_count
 .text.nxt_motor_set_count
                0x00201670       0x10 /cygdrive/C/cygwin/nxtOSEK/ecrobot/../ecrobot/libecrobot.a(nxt_motors.oram)
                0x00201670                nxt_motor_set_count
 .text.nxt_motor_set_speed
                0x00201680       0x34 /cygdrive/C/cygwin/nxtOSEK/ecrobot/../ecrobot/libecrobot.a(nxt_motors.oram)
                0x00201680                nxt_motor_set_speed
 .text.nxt_motor_1kHz_process
                0x002016b4       0x28 /cygdrive/C/cygwin/nxtOSEK/ecrobot/../ecrobot/libecrobot.a(nxt_motors.oram)
                0x002016b4                nxt_motor_1kHz_process
 .text.nxt_motor_quad_decode
                0x002016dc       0x30 /cygdrive/C/cygwin/nxtOSEK/ecrobot/../ecrobot/libecrobot.a(nxt_motors.oram)
                0x002016dc                nxt_motor_quad_decode
 .text.nxt_motor_isr_C
                0x0020170c       0x88 /cygdrive/C/cygwin/nxtOSEK/ecrobot/../ecrobot/libecrobot.a(nxt_motors.oram)
                0x0020170c                nxt_motor_isr_C
 .text.nxt_motor_init
                0x00201794       0x68 /cygdrive/C/cygwin/nxtOSEK/ecrobot/../ecrobot/libecrobot.a(nxt_motors.oram)
                0x00201794                nxt_motor_init
 .text.data_abort_C
                0x002017fc       0x7c /cygdrive/C/cygwin/nxtOSEK/ecrobot/../ecrobot/libecrobot.a(data_abort.oram)
                0x002017fc                data_abort_C
 .text.display_update
                0x00201878       0x14 /cygdrive/C/cygwin/nxtOSEK/ecrobot/../ecrobot/libecrobot.a(display.oram)
                0x00201878                display_update
 .text.display_force_update
                0x0020188c        0xc /cygdrive/C/cygwin/nxtOSEK/ecrobot/../ecrobot/libecrobot.a(display.oram)
                0x0020188c                display_force_update
 .text.display_clear
                0x00201898       0x24 /cygdrive/C/cygwin/nxtOSEK/ecrobot/../ecrobot/libecrobot.a(display.oram)
                0x00201898                display_clear
 .text.display_goto_xy
                0x002018bc       0x14 /cygdrive/C/cygwin/nxtOSEK/ecrobot/../ecrobot/libecrobot.a(display.oram)
                0x002018bc                display_goto_xy
 .text.display_char
                0x002018d0       0x60 /cygdrive/C/cygwin/nxtOSEK/ecrobot/../ecrobot/libecrobot.a(display.oram)
                0x002018d0                display_char
 .text.display_string
                0x00201930       0x3c /cygdrive/C/cygwin/nxtOSEK/ecrobot/../ecrobot/libecrobot.a(display.oram)
                0x00201930                display_string
 .text.display_hex
                0x0020196c       0x50 /cygdrive/C/cygwin/nxtOSEK/ecrobot/../ecrobot/libecrobot.a(display.oram)
                0x0020196c                display_hex
 .text.display_unsigned_worker
                0x002019bc       0x70 /cygdrive/C/cygwin/nxtOSEK/ecrobot/../ecrobot/libecrobot.a(display.oram)
 .text.display_unsigned
                0x00201a2c        0xc /cygdrive/C/cygwin/nxtOSEK/ecrobot/../ecrobot/libecrobot.a(display.oram)
                0x00201a2c                display_unsigned
 .text.display_int
                0x00201a38       0x14 /cygdrive/C/cygwin/nxtOSEK/ecrobot/../ecrobot/libecrobot.a(display.oram)
                0x00201a38                display_int
 .text.display_bitmap_copy
                0x00201a4c       0x5c /cygdrive/C/cygwin/nxtOSEK/ecrobot/../ecrobot/libecrobot.a(display.oram)
                0x00201a4c                display_bitmap_copy
 .text.display_init
                0x00201aa8       0x50 /cygdrive/C/cygwin/nxtOSEK/ecrobot/../ecrobot/libecrobot.a(display.oram)
                0x00201aa8                display_init
 .text.i2c_timer_isr_C
                0x00201af8      0x314 /cygdrive/C/cygwin/nxtOSEK/ecrobot/../ecrobot/libecrobot.a(i2c.oram)
                0x00201af8                i2c_timer_isr_C
 .text.i2c_disable
                0x00201e0c       0x20 /cygdrive/C/cygwin/nxtOSEK/ecrobot/../ecrobot/libecrobot.a(i2c.oram)
                0x00201e0c                i2c_disable
 .text.i2c_init
                0x00201e2c       0xa4 /cygdrive/C/cygwin/nxtOSEK/ecrobot/../ecrobot/libecrobot.a(i2c.oram)
                0x00201e2c                i2c_init
 .text.set_vol  0x00201ed0       0xa4 /cygdrive/C/cygwin/nxtOSEK/ecrobot/../ecrobot/libecrobot.a(sound.oram)
 .text.sound_fill_sample_buffer
                0x00201f74       0xe4 /cygdrive/C/cygwin/nxtOSEK/ecrobot/../ecrobot/libecrobot.a(sound.oram)
                0x00201f74                sound_fill_sample_buffer
 .text.sound_freq_vol
                0x00202058      0x1e4 /cygdrive/C/cygwin/nxtOSEK/ecrobot/../ecrobot/libecrobot.a(sound.oram)
                0x00202058                sound_freq_vol
 .text.sound_init
                0x0020223c       0xa0 /cygdrive/C/cygwin/nxtOSEK/ecrobot/../ecrobot/libecrobot.a(sound.oram)
                0x0020223c                sound_init
 .text.sound_isr_C
                0x002022dc      0x144 /cygdrive/C/cygwin/nxtOSEK/ecrobot/../ecrobot/libecrobot.a(sound.oram)
                0x002022dc                sound_isr_C
 .text.bt_init  0x00202420      0x1c0 /cygdrive/C/cygwin/nxtOSEK/ecrobot/../ecrobot/libecrobot.a(bt.oram)
                0x00202420                bt_init
 .text.nxt_avr_power_down
                0x002025e0       0x10 /cygdrive/C/cygwin/nxtOSEK/ecrobot/../ecrobot/libecrobot.a(nxt_avr.oram)
                0x002025e0                nxt_avr_power_down
 .text.nxt_avr_link_init
                0x002025f0       0x20 /cygdrive/C/cygwin/nxtOSEK/ecrobot/../ecrobot/libecrobot.a(nxt_avr.oram)
                0x002025f0                nxt_avr_link_init
 .text.nxt_avr_init
                0x00202610       0x6c /cygdrive/C/cygwin/nxtOSEK/ecrobot/../ecrobot/libecrobot.a(nxt_avr.oram)
                0x00202610                nxt_avr_init
 .text.nxt_avr_1kHz_update
                0x0020267c      0x1cc /cygdrive/C/cygwin/nxtOSEK/ecrobot/../ecrobot/libecrobot.a(nxt_avr.oram)
                0x0020267c                nxt_avr_1kHz_update
 .text.buttons_get
                0x00202848        0xc /cygdrive/C/cygwin/nxtOSEK/ecrobot/../ecrobot/libecrobot.a(nxt_avr.oram)
                0x00202848                buttons_get
 .text.battery_voltage
                0x00202854       0x28 /cygdrive/C/cygwin/nxtOSEK/ecrobot/../ecrobot/libecrobot.a(nxt_avr.oram)
                0x00202854                battery_voltage
 .text.sensor_adc
                0x0020287c       0x20 /cygdrive/C/cygwin/nxtOSEK/ecrobot/../ecrobot/libecrobot.a(nxt_avr.oram)
                0x0020287c                sensor_adc
 .text.nxt_avr_set_motor
                0x0020289c       0x34 /cygdrive/C/cygwin/nxtOSEK/ecrobot/../ecrobot/libecrobot.a(nxt_avr.oram)
                0x0020289c                nxt_avr_set_motor
 .text.nxt_avr_set_input_power
                0x002028d0       0x3c /cygdrive/C/cygwin/nxtOSEK/ecrobot/../ecrobot/libecrobot.a(nxt_avr.oram)
                0x002028d0                nxt_avr_set_input_power
 .text.unset_digi0
                0x0020290c       0x44 /cygdrive/C/cygwin/nxtOSEK/ecrobot/../ecrobot/libecrobot.a(sensors.oram)
                0x0020290c                unset_digi0
 .text.unset_digi1
                0x00202950       0x44 /cygdrive/C/cygwin/nxtOSEK/ecrobot/../ecrobot/libecrobot.a(sensors.oram)
                0x00202950                unset_digi1
 .text.init_sensors
                0x00202994       0x4c /cygdrive/C/cygwin/nxtOSEK/ecrobot/../ecrobot/libecrobot.a(sensors.oram)
                0x00202994                init_sensors
 .text.set_digi0
                0x002029e0       0x44 /cygdrive/C/cygwin/nxtOSEK/ecrobot/../ecrobot/libecrobot.a(sensors.oram)
                0x002029e0                set_digi0
 .text.nxt_lcd_command
                0x00202a24       0x18 /cygdrive/C/cygwin/nxtOSEK/ecrobot/../ecrobot/libecrobot.a(nxt_lcd.oram)
                0x00202a24                nxt_lcd_command
 .text.nxt_lcd_set_col
                0x00202a3c       0x24 /cygdrive/C/cygwin/nxtOSEK/ecrobot/../ecrobot/libecrobot.a(nxt_lcd.oram)
                0x00202a3c                nxt_lcd_set_col
 .text.nxt_lcd_set_multiplex_rate
                0x00202a60       0x18 /cygdrive/C/cygwin/nxtOSEK/ecrobot/../ecrobot/libecrobot.a(nxt_lcd.oram)
                0x00202a60                nxt_lcd_set_multiplex_rate
 .text.nxt_lcd_set_page_address
                0x00202a78       0x18 /cygdrive/C/cygwin/nxtOSEK/ecrobot/../ecrobot/libecrobot.a(nxt_lcd.oram)
                0x00202a78                nxt_lcd_set_page_address
 .text.nxt_lcd_set_pot
                0x00202a90       0x1c /cygdrive/C/cygwin/nxtOSEK/ecrobot/../ecrobot/libecrobot.a(nxt_lcd.oram)
                0x00202a90                nxt_lcd_set_pot
 .text.nxt_lcd_set_ram_address_control
                0x00202aac       0x18 /cygdrive/C/cygwin/nxtOSEK/ecrobot/../ecrobot/libecrobot.a(nxt_lcd.oram)
                0x00202aac                nxt_lcd_set_ram_address_control
 .text.nxt_lcd_enable
                0x00202ac4       0x14 /cygdrive/C/cygwin/nxtOSEK/ecrobot/../ecrobot/libecrobot.a(nxt_lcd.oram)
                0x00202ac4                nxt_lcd_enable
 .text.nxt_lcd_set_map_control
                0x00202ad8       0x18 /cygdrive/C/cygwin/nxtOSEK/ecrobot/../ecrobot/libecrobot.a(nxt_lcd.oram)
                0x00202ad8                nxt_lcd_set_map_control
 .text.nxt_lcd_reset
                0x00202af0        0xc /cygdrive/C/cygwin/nxtOSEK/ecrobot/../ecrobot/libecrobot.a(nxt_lcd.oram)
                0x00202af0                nxt_lcd_reset
 .text.nxt_lcd_set_bias_ratio
                0x00202afc       0x18 /cygdrive/C/cygwin/nxtOSEK/ecrobot/../ecrobot/libecrobot.a(nxt_lcd.oram)
                0x00202afc                nxt_lcd_set_bias_ratio
 .text.nxt_lcd_force_update
                0x00202b14       0x30 /cygdrive/C/cygwin/nxtOSEK/ecrobot/../ecrobot/libecrobot.a(nxt_lcd.oram)
                0x00202b14                nxt_lcd_force_update
 .text.nxt_lcd_update
                0x00202b44        0xc /cygdrive/C/cygwin/nxtOSEK/ecrobot/../ecrobot/libecrobot.a(nxt_lcd.oram)
                0x00202b44                nxt_lcd_update
 .text.nxt_lcd_power_up
                0x00202b50       0x48 /cygdrive/C/cygwin/nxtOSEK/ecrobot/../ecrobot/libecrobot.a(nxt_lcd.oram)
                0x00202b50                nxt_lcd_power_up
 .text.nxt_lcd_power_down
                0x00202b98        0xc /cygdrive/C/cygwin/nxtOSEK/ecrobot/../ecrobot/libecrobot.a(nxt_lcd.oram)
                0x00202b98                nxt_lcd_power_down
 .text.nxt_lcd_init
                0x00202ba4       0x18 /cygdrive/C/cygwin/nxtOSEK/ecrobot/../ecrobot/libecrobot.a(nxt_lcd.oram)
                0x00202ba4                nxt_lcd_init
 .text.verify_flash_page
                0x00202bbc       0x34 /cygdrive/C/cygwin/nxtOSEK/ecrobot/../ecrobot/libecrobot.a(flash_loader.oram)
 .text.set_flash_request
                0x00202bf0       0x38 /cygdrive/C/cygwin/nxtOSEK/ecrobot/../ecrobot/libecrobot.a(flash_loader.oram)
                0x00202bf0                set_flash_request
 .text.nxt_device_init
                0x00202c28       0x38 /cygdrive/C/cygwin/nxtOSEK/ecrobot/../ecrobot/libecrobot.a(flash_loader.oram)
                0x00202c28                nxt_device_init
 .text          0x00202c60       0x68 /cygdrive/C/cygwin/nxtOSEK/ecrobot/../ecrobot/libecrobot.a(interrupts.oram)
                0x00202cb8                fiq_enable
                0x00202c60                interrupts_get_and_disable
                0x00202c94                fiq_get_and_disable
                0x00202c84                interrupts_enable
 .text.flash_write_page
                0x00202cc8       0xc0 /cygdrive/C/cygwin/nxtOSEK/ecrobot/../ecrobot/libecrobot.a(flashprog.oram)
                0x00202cc8                flash_write_page
                0x00202d90                . = ALIGN (0x10)
 *fill*         0x00202d88        0x8 00
 *.oram(*.rodata *.rodata.*)
 .rodata.ld     0x00202d90        0x4 /cygdrive/C/cygwin/nxtOSEK/ecrobot/../ecrobot/libecrobot.a(udp.oram)
 .rodata.cfd    0x00202d94       0x20 /cygdrive/C/cygwin/nxtOSEK/ecrobot/../ecrobot/libecrobot.a(udp.oram)
 .rodata.dd     0x00202db4       0x12 /cygdrive/C/cygwin/nxtOSEK/ecrobot/../ecrobot/libecrobot.a(udp.oram)
 *fill*         0x00202dc6        0x2 00
 .rodata.str1.4
                0x00202dc8       0x22 /cygdrive/C/cygwin/nxtOSEK/ecrobot/../ecrobot/libecrobot.a(data_abort.oram)
                                 0x24 (size before relaxing)
 .rodata.font   0x00202dea      0x280 /cygdrive/C/cygwin/nxtOSEK/ecrobot/../ecrobot/libecrobot.a(display.oram)
 *fill*         0x0020306a        0x2 00
 .rodata.str1.4
                0x0020306c       0x76 /cygdrive/C/cygwin/nxtOSEK/ecrobot/../ecrobot/libecrobot.a(display.oram)
                                 0x78 (size before relaxing)
 *fill*         0x002030e2        0x2 00
 .rodata.i2c_pin
                0x002030e4       0x20 /cygdrive/C/cygwin/nxtOSEK/ecrobot/../ecrobot/libecrobot.a(i2c.oram)
 .rodata.i2c_timer_isr_C
                0x00203104       0x38 /cygdrive/C/cygwin/nxtOSEK/ecrobot/../ecrobot/libecrobot.a(i2c.oram)
 .rodata.logvol
                0x0020313c        0xc /cygdrive/C/cygwin/nxtOSEK/ecrobot/../ecrobot/libecrobot.a(sound.oram)
                0x0020313c                logvol
 .rodata.silence
                0x00203148       0x40 /cygdrive/C/cygwin/nxtOSEK/ecrobot/../ecrobot/libecrobot.a(sound.oram)
                0x00203148                silence
 .rodata.sine   0x00203188       0x10 /cygdrive/C/cygwin/nxtOSEK/ecrobot/../ecrobot/libecrobot.a(sound.oram)
                0x00203188                sine
 .rodata.sample_pattern
                0x00203198       0x84 /cygdrive/C/cygwin/nxtOSEK/ecrobot/../ecrobot/libecrobot.a(sound.oram)
                0x00203198                sample_pattern
 .rodata        0x0020321c        0xc /cygdrive/C/cygwin/nxtOSEK/ecrobot/../ecrobot/libecrobot.a(sound.oram)
 .rodata.avr_brainwash_string
                0x00203228       0x30 /cygdrive/C/cygwin/nxtOSEK/ecrobot/../ecrobot/libecrobot.a(nxt_avr.oram)
                0x00203228                avr_brainwash_string
 .rodata.nxt_avr_1kHz_update
                0x00203258       0x14 /cygdrive/C/cygwin/nxtOSEK/ecrobot/../ecrobot/libecrobot.a(nxt_avr.oram)
 .rodata.C.33.1823
                0x0020326c       0x10 /cygdrive/C/cygwin/nxtOSEK/ecrobot/../ecrobot/libecrobot.a(sensors.oram)
 .rodata.C.37.1857
                0x0020327c       0x10 /cygdrive/C/cygwin/nxtOSEK/ecrobot/../ecrobot/libecrobot.a(sensors.oram)
 .rodata.C.31.1806
                0x0020328c       0x10 /cygdrive/C/cygwin/nxtOSEK/ecrobot/../ecrobot/libecrobot.a(sensors.oram)
 .rodata.str1.4
                0x0020329c       0x23 /cygdrive/C/cygwin/nxtOSEK/ecrobot/../ecrobot/libecrobot.a(flash_loader.oram)
                                 0x24 (size before relaxing)
                0x002032c0                . = ALIGN (0x10)
 *fill*         0x002032bf        0x1 00
                0x00200040                __ramtext_ram_start__ = ADDR (.ram_text)
                0x002032c0                __ramtext_ram_end__ = (ADDR (.ram_text) + SIZEOF (.ram_text))
                0x001082c0                __ramtext_load_start__ = LOADADDR (.ram_text)
                0x0010b540                __ramtext_load_end__ = (__ramtext_load_start__ + SIZEOF (.ram_text))

.wav_data       0x0010b540        0x0
 *.owav(*.data *.data.*)
                0x0010b540                . = ALIGN (0x10)

.bmp_data       0x0010b540      0x440
 *.obmp(*.data *.data.*)
 .data          0x0010b540      0x43e /cygdrive/C/cygwin/nxtOSEK/ecrobot/../ecrobot/libecrobot.a(nxtosek_splash.obmp)
                0x0010b540                nxtosek_splash_bmp_start
                0x0010b97e                nxtosek_splash_bmp_end
                0x0010b980                . = ALIGN (0x10)
 *fill*         0x0010b97e        0x2 00

.spr_data       0x0010b980        0x0
 *.ospr(*.data *.data.*)
                0x0010b980                . = ALIGN (0x10)

.data           0x002032c0       0x60 load address 0x0010b980
 *(*.data *.data.*)
 .data.lowestLightValue
                0x002032c0        0x4 build/src/robot/main.o
                0x002032c0                lowestLightValue
 .data.displayCurrentNode
                0x002032c4        0x1 build/src/robot/main.o
                0x002032c4                displayCurrentNode
 *fill*         0x002032c5        0x3 00
 .data.master   0x002032c8        0x4 build/src/robot/main.o
                0x002032c8                master
 .data.deviceStatus
                0x002032cc        0x1 /cygdrive/C/cygwin/nxtOSEK/ecrobot/../ecrobot/libecrobot.a(ecrobot_interface.o)
 .data.named    0x002032cd       0x22 /cygdrive/C/cygwin/nxtOSEK/ecrobot/../ecrobot/libecrobot.a(udp.oram)
 .data.snd      0x002032ef       0x1a /cygdrive/C/cygwin/nxtOSEK/ecrobot/../ecrobot/libecrobot.a(udp.oram)
 *fill*         0x00203309        0x3 00
 .data.configured
                0x0020330c        0x4 /cygdrive/C/cygwin/nxtOSEK/ecrobot/../ecrobot/libecrobot.a(udp.oram)
 .data.mode     0x00203310        0x1 /cygdrive/C/cygwin/nxtOSEK/ecrobot/../ecrobot/libecrobot.a(nxt_spi.oram)
                0x00203310                mode
 *fill*         0x00203311        0x3 00
 .bss.data      0x00203314        0x4 /cygdrive/C/cygwin/nxtOSEK/ecrobot/../ecrobot/libecrobot.a(nxt_spi.oram)
                0x00203314                data
 .data.display_auto_update
                0x00203318        0x4 /cygdrive/C/cygwin/nxtOSEK/ecrobot/../ecrobot/libecrobot.a(display.oram)
                0x00203318                display_auto_update
 .data.display_buffer
                0x0020331c        0x4 /cygdrive/C/cygwin/nxtOSEK/ecrobot/../ecrobot/libecrobot.a(display.oram)
                0x00203320                . = ALIGN (0x10)
                0x002032c0                __data_ram_start__ = ADDR (.data)
                0x00203320                __data_ram_end__ = (ADDR (.data) + SIZEOF (.data))
                0x0010b980                __data_load_start__ = LOADADDR (.data)
                0x0010b9e0                __data_load_end__ = (__data_load_start__ + SIZEOF (.data))

.text           0x0010b9e0     0x27f0
                0x0010b9e0                . = ALIGN (0x10)
 *(*.text *.text.* *.glue*)
 .text.StartOS  0x0010b9e0       0x58 build/kernel/osctl.o
                0x0010b9e0                StartOS
 .text.call_pretaskhook
                0x0010ba38       0x24 build/kernel/osctl.o
                0x0010ba38                call_pretaskhook
 .text.call_posttaskhook
                0x0010ba5c       0x24 build/kernel/osctl.o
                0x0010ba5c                call_posttaskhook
 .text.make_runnable
                0x0010ba80       0xac build/kernel/task.o
                0x0010ba80                make_runnable
 .text.make_active
                0x0010bb2c       0x78 build/kernel/task.o
                0x0010bb2c                make_active
 .text.task_initialize
                0x0010bba4       0x90 build/kernel/task.o
                0x0010bba4                task_initialize
 .text.cpu_initialize
                0x0010bc34        0x4 build/config/at91sam7s-gnu/cpu_config.o
                0x0010bc34                cpu_initialize
 .text.sys_initialize
                0x0010bc38        0x4 build/config/at91sam7s-gnu/lego_nxt/sys_config.o
                0x0010bc38                sys_initialize
 .text.object_initialize
                0x0010bc3c        0xc build/./kernel_cfg.o
                0x0010bc3c                object_initialize
 .text.init_OS_flag
                0x0010bc48        0xc build/ecrobot_base.o
                0x0010bc48                init_OS_flag
 .text.set_OS_flag
                0x0010bc54        0xc build/ecrobot_base.o
                0x0010bc54                set_OS_flag
 .text.get_OS_flag
                0x0010bc60        0xc build/ecrobot_base.o
                0x0010bc60                get_OS_flag
 .text.cpp_constructor
                0x0010bc6c       0x28 build/ecrobot_base.o
                0x0010bc6c                cpp_constructor
 .text.cpp_destructor
                0x0010bc94       0x28 build/ecrobot_base.o
                0x0010bc94                cpp_destructor
 .text.execution_mode
                0x0010bcbc       0x24 build/ecrobot_base.o
                0x0010bcbc                execution_mode
 .text.show_main_screen
                0x0010bce0       0x48 build/ecrobot_base.o
                0x0010bce0                show_main_screen
 .text.display_status_bar
                0x0010bd28       0x5c build/ecrobot_base.o
                0x0010bd28                display_status_bar
 .text.check_NXT_buttons
                0x0010bd84       0x7c build/ecrobot_base.o
                0x0010bd84                check_NXT_buttons
 .text.add_status_info
                0x0010be00       0x68 build/ecrobot_base.o
                0x0010be00                add_status_info
 .text.show_splash_screen
                0x0010be68       0x90 build/ecrobot_base.o
                0x0010be68                show_splash_screen
 .text.main     0x0010bef8      0x108 build/ecrobot.o
                0x0010bef8                main
 .text.setNode  0x0010c000      0x140 build/src/robot/main.o
                0x0010c000                setNode
 .text.initializePathStuff
                0x0010c140       0x64 build/src/robot/main.o
                0x0010c140                initializePathStuff
 .text.shiftBitsForDriving
                0x0010c1a4       0x3c build/src/robot/main.o
                0x0010c1a4                shiftBitsForDriving
 .text.display_currentNode
                0x0010c1e0       0x70 build/src/robot/main.o
                0x0010c1e0                display_currentNode
 .text.hasMoved
                0x0010c250       0x48 build/src/robot/main.o
                0x0010c250                hasMoved
 .text.hasDirection
                0x0010c298       0x40 build/src/robot/main.o
                0x0010c298                hasDirection
 .text.getLargestValue
                0x0010c2d8       0xe8 build/src/robot/main.o
                0x0010c2d8                getLargestValue
 .text.hasDirectionRelative
                0x0010c3c0       0x2c build/src/robot/main.o
                0x0010c3c0                hasDirectionRelative
 .text.setCurrentNode
                0x0010c3ec       0x5c build/src/robot/main.o
                0x0010c3ec                setCurrentNode
 .text.wait     0x0010c448        0xc build/src/robot/main.o
                0x0010c448                wait
 .text.displayLight
                0x0010c454       0x9c build/src/robot/main.o
                0x0010c454                displayLight
 .text.user_1ms_isr_type2
                0x0010c4f0       0x64 build/src/robot/main.o
                0x0010c4f0                user_1ms_isr_type2
 .text.displayRotation
                0x0010c554       0x54 build/src/robot/main.o
                0x0010c554                displayRotation
 .text.stopLeft
                0x0010c5a8       0x10 build/src/robot/main.o
                0x0010c5a8                stopLeft
 .text.stopRight
                0x0010c5b8       0x10 build/src/robot/main.o
                0x0010c5b8                stopRight
 .text.stopBoth
                0x0010c5c8       0x10 build/src/robot/main.o
                0x0010c5c8                stopBoth
 .text.initializeLightValues
                0x0010c5d8       0x70 build/src/robot/main.o
                0x0010c5d8                initializeLightValues
 .text.ecrobot_device_initialize
                0x0010c648       0x1c build/src/robot/main.o
                0x0010c648                ecrobot_device_initialize
 .text.ecrobot_device_terminate
                0x0010c664        0xc build/src/robot/main.o
                0x0010c664                ecrobot_device_terminate
 .text.isOnLine
                0x0010c670       0x30 build/src/robot/main.o
                0x0010c670                isOnLine
 .text.nudgeLeft
                0x0010c6a0       0x4c build/src/robot/main.o
                0x0010c6a0                nudgeLeft
 .text.turnLeft
                0x0010c6ec       0x44 build/src/robot/main.o
                0x0010c6ec                turnLeft
 .text.nudgeRight
                0x0010c730       0x50 build/src/robot/main.o
                0x0010c730                nudgeRight
 .text.turnRight
                0x0010c780       0x48 build/src/robot/main.o
                0x0010c780                turnRight
 .text.crossingRight
                0x0010c7c8       0x84 build/src/robot/main.o
                0x0010c7c8                crossingRight
 .text.throwError
                0x0010c84c       0x2c build/src/robot/main.o
                0x0010c84c                throwError
 .text.crossingStraight
                0x0010c878       0x4c build/src/robot/main.o
                0x0010c878                crossingStraight
 .text.crossingBack
                0x0010c8c4       0x64 build/src/robot/main.o
                0x0010c8c4                crossingBack
 .text.crossingLeft
                0x0010c928       0x64 build/src/robot/main.o
                0x0010c928                crossingLeft
 .text.surveyCrossingNew
                0x0010c98c      0x144 build/src/robot/main.o
                0x0010c98c                surveyCrossingNew
 .text.currentNodeVisited
                0x0010cad0       0x38 build/src/robot/main.o
                0x0010cad0                currentNodeVisited
 .text.checkIfAllVisited
                0x0010cb08       0x58 build/src/robot/main.o
                0x0010cb08                checkIfAllVisited
 .text.getPathComplicated
                0x0010cb60      0x87c build/src/robot/main.o
                0x0010cb60                getPathComplicated
 .text.checkTokens
                0x0010d3dc       0x70 build/src/robot/main.o
                0x0010d3dc                checkTokens
 .text.driveStraight
                0x0010d44c       0x2c build/src/robot/main.o
                0x0010d44c                driveStraight
 .text.followLine
                0x0010d478       0x84 build/src/robot/main.o
                0x0010d478                followLine
 .text.getNextUnvisited
                0x0010d4fc      0x2a4 build/src/robot/main.o
                0x0010d4fc                getNextUnvisited
 .text.getNextDirection
                0x0010d7a0       0xc4 build/src/robot/main.o
                0x0010d7a0                getNextDirection
 .text.TaskMainOSEK_Main_Task
                0x0010d864      0x118 build/src/robot/main.o
                0x0010d864                TaskMainOSEK_Main_Task
 .text.ecrobot_set_light_sensor_active
                0x0010d97c       0x10 /cygdrive/C/cygwin/nxtOSEK/ecrobot/../ecrobot/libecrobot.a(ecrobot_interface.o)
                0x0010d97c                ecrobot_set_light_sensor_active
 .text.ecrobot_set_light_sensor_inactive
                0x0010d98c       0x10 /cygdrive/C/cygwin/nxtOSEK/ecrobot/../ecrobot/libecrobot.a(ecrobot_interface.o)
                0x0010d98c                ecrobot_set_light_sensor_inactive
 .text.ecrobot_get_light_sensor
                0x0010d99c       0x14 /cygdrive/C/cygwin/nxtOSEK/ecrobot/../ecrobot/libecrobot.a(ecrobot_interface.o)
                0x0010d99c                ecrobot_get_light_sensor
 .text.ecrobot_get_touch_sensor
                0x0010d9b0       0x20 /cygdrive/C/cygwin/nxtOSEK/ecrobot/../ecrobot/libecrobot.a(ecrobot_interface.o)
                0x0010d9b0                ecrobot_get_touch_sensor
 .text.ecrobot_get_battery_voltage
                0x0010d9d0        0xc /cygdrive/C/cygwin/nxtOSEK/ecrobot/../ecrobot/libecrobot.a(ecrobot_interface.o)
                0x0010d9d0                ecrobot_get_battery_voltage
 .text.ecrobot_get_button_state
                0x0010d9dc        0xc /cygdrive/C/cygwin/nxtOSEK/ecrobot/../ecrobot/libecrobot.a(ecrobot_interface.o)
                0x0010d9dc                ecrobot_get_button_state
 .text.ecrobot_init_nxtstate
                0x0010d9e8       0x28 /cygdrive/C/cygwin/nxtOSEK/ecrobot/../ecrobot/libecrobot.a(ecrobot_interface.o)
                0x0010d9e8                ecrobot_init_nxtstate
 .text.ecrobot_poll_nxtstate
                0x0010da10       0x64 /cygdrive/C/cygwin/nxtOSEK/ecrobot/../ecrobot/libecrobot.a(ecrobot_interface.o)
                0x0010da10                ecrobot_poll_nxtstate
 .text.ecrobot_setDeviceInitialized
                0x0010da74       0x14 /cygdrive/C/cygwin/nxtOSEK/ecrobot/../ecrobot/libecrobot.a(ecrobot_interface.o)
                0x0010da74                ecrobot_setDeviceInitialized
 .text.ecrobot_bmp2lcd
                0x0010da88      0x1c8 /cygdrive/C/cygwin/nxtOSEK/ecrobot/../ecrobot/libecrobot.a(ecrobot_interface.o)
                0x0010da88                ecrobot_bmp2lcd
 .text.ecrobot_sound_tone
                0x0010dc50        0xc /cygdrive/C/cygwin/nxtOSEK/ecrobot/../ecrobot/libecrobot.a(ecrobot_interface.o)
                0x0010dc50                ecrobot_sound_tone
 .text.StartupHook
                0x0010dc5c        0x4 /cygdrive/C/cygwin/nxtOSEK/ecrobot/../ecrobot/libecrobot.a(osek_hook.o)
                0x0010dc5c                StartupHook
 .text.PreTaskHook
                0x0010dc60        0x4 /cygdrive/C/cygwin/nxtOSEK/ecrobot/../ecrobot/libecrobot.a(osek_hook.o)
                0x0010dc60                PreTaskHook
 .text.PostTaskHook
                0x0010dc64        0x4 /cygdrive/C/cygwin/nxtOSEK/ecrobot/../ecrobot/libecrobot.a(osek_hook.o)
                0x0010dc64                PostTaskHook
 .text          0x0010dc68       0x8c /cygdrive/C/cygwin/GNUARM/bin/../lib/gcc/arm-elf/4.0.2/thumb/interwork/libgcc.a(_udivsi3.o)
                0x0010dc68                __udivsi3
                0x0010dce4                __aeabi_uidivmod
 .text          0x0010dcf4       0xa4 /cygdrive/C/cygwin/GNUARM/bin/../lib/gcc/arm-elf/4.0.2/thumb/interwork/libgcc.a(_divsi3.o)
                0x0010dcf4                __divsi3
                0x0010dd88                __aeabi_idivmod
 .text          0x0010dd98       0xc8 /cygdrive/C/cygwin/GNUARM/bin/../lib/gcc/arm-elf/4.0.2/thumb/interwork/libgcc.a(_umodsi3.o)
                0x0010dd98                __umodsi3
 .text          0x0010de60       0xd8 /cygdrive/C/cygwin/GNUARM/bin/../lib/gcc/arm-elf/4.0.2/thumb/interwork/libgcc.a(_modsi3.o)
                0x0010de60                __modsi3
 .text          0x0010df38        0x4 /cygdrive/C/cygwin/GNUARM/bin/../lib/gcc/arm-elf/4.0.2/thumb/interwork/libgcc.a(_dvmd_tls.o)
                0x0010df38                __aeabi_ldiv0
                0x0010df38                __div0
                0x0010df38                __aeabi_idiv0
 .text          0x0010df3c       0x68 /cygdrive/C/cygwin/GNUARM/bin/../lib/gcc/arm-elf/4.0.2/../../../../arm-elf/lib/thumb/interwork/libc.a(memset.o)
                0x0010df3c                memset
 .text          0x0010dfa4       0x60 /cygdrive/C/cygwin/GNUARM/bin/../lib/gcc/arm-elf/4.0.2/../../../../arm-elf/lib/thumb/interwork/libc.a(strcpy.o)
                0x0010dfa4                strcpy
 .text          0x0010e004       0x48 /cygdrive/C/cygwin/GNUARM/bin/../lib/gcc/arm-elf/4.0.2/../../../../arm-elf/lib/thumb/interwork/libc.a(strlen.o)
                0x0010e004                strlen
 .glue_7        0x0010e04c       0x30 /cygdrive/C/cygwin/GNUARM/bin/../lib/gcc/arm-elf/4.0.2/../../../../arm-elf/lib/thumb/interwork/libc.a(strncpy.o)
                0x0010e064                __call_posttaskhook_from_arm
                0x0010e04d                __ecrobot_debug1_from_arm
                0x0010e059                __ecrobot_debug2_from_arm
                0x0010e070                __call_pretaskhook_from_arm
 .glue_7t       0x0010e07c       0x60 /cygdrive/C/cygwin/GNUARM/bin/../lib/gcc/arm-elf/4.0.2/../../../../arm-elf/lib/thumb/interwork/libc.a(strncpy.o)
                0x0010e0a8                __start_change_to_arm
                0x0010e0c4                __interrupts_get_and_disable_from_thumb
                0x0010e0bd                ____gtdf2_from_thumb
                0x0010e09d                __exit_and_dispatch_from_thumb
                0x0010e0a0                __exit_and_dispatch_change_to_arm
                0x0010e07c                __disable_int_from_thumb
                0x0010e094                __start_dispatch_from_thumb
                0x0010e0a4                __start_from_thumb
                0x0010e0b8                ____muldf3_change_to_arm
                0x0010e084                __enable_int_from_thumb
                0x0010e08d                __dispatch_from_thumb
                0x0010e0d0                __interrupts_enable_change_to_arm
                0x0010e0c8                __interrupts_get_and_disable_change_to_arm
                0x0010e090                __dispatch_change_to_arm
                0x0010e0c0                ____gtdf2_change_to_arm
                0x0010e0ad                ____floatsidf_from_thumb
                0x0010e0d5                __display_bios_status_from_thumb
                0x0010e080                __disable_int_change_to_arm
                0x0010e0b5                ____muldf3_from_thumb
                0x0010e088                __enable_int_change_to_arm
                0x0010e0b0                ____floatsidf_change_to_arm
                0x0010e0cc                __interrupts_enable_from_thumb
                0x0010e0d8                __display_bios_status_change_to_arm
                0x0010e098                __start_dispatch_change_to_arm
                0x0010e0e0                . = ALIGN (0x10)
 *fill*         0x0010e0dc        0x4 00
 *(*.rodata *.rodata.*)
 .rodata.tinib_stksz
                0x0010e0e0        0x2 build/./kernel_cfg.o
                0x0010e0e0                tinib_stksz
 *fill*         0x0010e0e2        0x2 00
 .rodata.tinib_stk
                0x0010e0e4        0x4 build/./kernel_cfg.o
                0x0010e0e4                tinib_stk
 .rodata.tinib_task
                0x0010e0e8        0x4 build/./kernel_cfg.o
                0x0010e0e8                tinib_task
 .rodata.tinib_autoact
                0x0010e0ec        0x1 build/./kernel_cfg.o
                0x0010e0ec                tinib_autoact
 .rodata.tinib_exepri
                0x0010e0ed        0x1 build/./kernel_cfg.o
                0x0010e0ed                tinib_exepri
 .rodata.tinib_inipri
                0x0010e0ee        0x1 build/./kernel_cfg.o
                0x0010e0ee                tinib_inipri
 .rodata.tnum_exttask
                0x0010e0ef        0x1 build/./kernel_cfg.o
                0x0010e0ef                tnum_exttask
 .rodata.tnum_task
                0x0010e0f0        0x1 build/./kernel_cfg.o
                0x0010e0f0                tnum_task
 *fill*         0x0010e0f1        0x3 00
 .rodata.exec_addr
                0x0010e0f4        0x4 build/ecrobot_base.o
                0x0010e0f4                exec_addr
 .rodata.str1.4
                0x0010e0f8       0x80 build/ecrobot_base.o
 .rodata.str1.4
                0x0010e178       0x32 build/src/robot/main.o
                                 0x34 (size before relaxing)
 *fill*         0x0010e1aa        0x2 00
 .rodata.TaskMainOSEK_Main_Task
                0x0010e1ac       0x24 build/src/robot/main.o
                0x0010e1d0                . = ALIGN (0x10)
 *(*.gnu.linkonce.* .gcc_except_table)
                0x0010e1d0                . = ALIGN (0x10)

.tors           0x0010e1d0        0x0
                0x0010e1d0                . = ALIGN (0x10)
                0x0010e1d0                __ctor_begin = .
 *(*.ctors*)
                0x0010e1d0                __ctor_end = .
                0x0010e1d0                . = ALIGN (0x10)
                0x0010e1d0                __dtor_begin = .
 *(*.dtors*)
                0x0010e1d0                __dtor_end = .
                0x0010e1d0                . = ALIGN (0x10)
                0x0010e1d0                __rom_end__ = __dtor_end

.bss            0x00203320     0x13b4
 *(*.bss *.bss.*)
 .bss.ready_primap
                0x00203320        0x2 build/kernel/task.o
 .bss.ready_queue_last
                0x00203322       0x10 build/kernel/task.o
 .bss.ready_queue_first
                0x00203332       0x10 build/kernel/task.o
 *fill*         0x00203342        0x2 00
 .bss._stack_OSEK_Main_Task
                0x00203344      0x200 build/./kernel_cfg.o
 .bss.status_bar_position
                0x00203544        0x4 build/ecrobot_base.o
 .bss.last_act_time.2674
                0x00203548        0x4 build/ecrobot_base.o
 .bss.lcd.2603  0x0020354c      0x320 build/ecrobot_base.o
 .bss.OS_flag   0x0020386c        0x4 build/ecrobot_base.o
 .bss.status_bar
                0x00203870       0x10 build/ecrobot_base.o
 .bss.direction
                0x00203880        0x1 build/src/robot/main.o
                0x00203880                direction
 *fill*         0x00203881        0x3 00
 .bss.crossingCompare
                0x00203884        0x4 build/src/robot/main.o
                0x00203884                crossingCompare
 .bss.lightThreshold
                0x00203888        0x4 build/src/robot/main.o
                0x00203888                lightThreshold
 .bss.highestLightValue
                0x0020388c        0x4 build/src/robot/main.o
                0x0020388c                highestLightValue
 .bss.totalRotationCompareValue
                0x00203890        0x4 build/src/robot/main.o
                0x00203890                totalRotationCompareValue
 .bss.currentLightValue
                0x00203894        0x4 build/src/robot/main.o
                0x00203894                currentLightValue
 .bss.absoluteRotation
                0x00203898        0x4 build/src/robot/main.o
                0x00203898                absoluteRotation
 .bss.lastCrossingSurveyed
                0x0020389c        0x1 build/src/robot/main.o
                0x0020389c                lastCrossingSurveyed
 .bss.tokensFound
                0x0020389d        0x1 build/src/robot/main.o
                0x0020389d                tokensFound
 *fill*         0x0020389e        0x2 00
 .bss.rot2      0x002038a0        0x4 build/src/robot/main.o
                0x002038a0                rot2
 .bss.rot1      0x002038a4        0x4 build/src/robot/main.o
                0x002038a4                rot1
 .bss.difference
                0x002038a8        0x4 build/src/robot/main.o
                0x002038a8                difference
 .bss.directionOffset
                0x002038ac        0x1 build/src/robot/main.o
                0x002038ac                directionOffset
 .bss.allVisited
                0x002038ad        0x1 build/src/robot/main.o
                0x002038ad                allVisited
 *fill*         0x002038ae        0x2 00
 .bss.buttons_i
                0x002038b0        0x4 /cygdrive/C/cygwin/nxtOSEK/ecrobot/../ecrobot/libecrobot.a(ecrobot_interface.o)
 .bss.buttons_states
                0x002038b4       0x14 /cygdrive/C/cygwin/nxtOSEK/ecrobot/../ecrobot/libecrobot.a(ecrobot_interface.o)
 .bss.ecrobot_inputs
                0x002038c8        0x8 /cygdrive/C/cygwin/nxtOSEK/ecrobot/../ecrobot/libecrobot.a(ecrobot_interface.o)
 .bss.systick_ms
                0x002038d0        0x4 /cygdrive/C/cygwin/nxtOSEK/ecrobot/../ecrobot/libecrobot.a(systick.oram)
 .bss.delayedEnable
                0x002038d4        0x1 /cygdrive/C/cygwin/nxtOSEK/ecrobot/../ecrobot/libecrobot.a(udp.oram)
 *fill*         0x002038d5        0x3 00
 .bss.outCnt    0x002038d8        0x4 /cygdrive/C/cygwin/nxtOSEK/ecrobot/../ecrobot/libecrobot.a(udp.oram)
 .bss.outPtr    0x002038dc        0x4 /cygdrive/C/cygwin/nxtOSEK/ecrobot/../ecrobot/libecrobot.a(udp.oram)
 .bss.newAddress
                0x002038e0        0x4 /cygdrive/C/cygwin/nxtOSEK/ecrobot/../ecrobot/libecrobot.a(udp.oram)
 .bss.currentRxBank
                0x002038e4        0x4 /cygdrive/C/cygwin/nxtOSEK/ecrobot/../ecrobot/libecrobot.a(udp.oram)
 .bss.currentFeatures
                0x002038e8        0x4 /cygdrive/C/cygwin/nxtOSEK/ecrobot/../ecrobot/libecrobot.a(udp.oram)
 .bss.currentConfig
                0x002038ec        0x1 /cygdrive/C/cygwin/nxtOSEK/ecrobot/../ecrobot/libecrobot.a(udp.oram)
 *fill*         0x002038ed        0x3 00
 .bss.twi_mask  0x002038f0        0x4 /cygdrive/C/cygwin/nxtOSEK/ecrobot/../ecrobot/libecrobot.a(twi.oram)
 .bss.twi_ptr   0x002038f4        0x4 /cygdrive/C/cygwin/nxtOSEK/ecrobot/../ecrobot/libecrobot.a(twi.oram)
 .bss.twi_pending
                0x002038f8        0x4 /cygdrive/C/cygwin/nxtOSEK/ecrobot/../ecrobot/libecrobot.a(twi.oram)
 .bss.twi_state
                0x002038fc        0x4 /cygdrive/C/cygwin/nxtOSEK/ecrobot/../ecrobot/libecrobot.a(twi.oram)
 .bss.page      0x00203900        0x1 /cygdrive/C/cygwin/nxtOSEK/ecrobot/../ecrobot/libecrobot.a(nxt_spi.oram)
                0x00203900                page
 .bss.dirty     0x00203901        0x1 /cygdrive/C/cygwin/nxtOSEK/ecrobot/../ecrobot/libecrobot.a(nxt_spi.oram)
                0x00203901                dirty
 *fill*         0x00203902        0x2 00
 .bss.display   0x00203904        0x4 /cygdrive/C/cygwin/nxtOSEK/ecrobot/../ecrobot/libecrobot.a(nxt_spi.oram)
                0x00203904                display
 .bss.interrupts_this_period
                0x00203908        0x4 /cygdrive/C/cygwin/nxtOSEK/ecrobot/../ecrobot/libecrobot.a(nxt_motors.oram)
 .bss.nxt_motor_initialised
                0x0020390c        0x4 /cygdrive/C/cygwin/nxtOSEK/ecrobot/../ecrobot/libecrobot.a(nxt_motors.oram)
 .bss.motor     0x00203910       0x30 /cygdrive/C/cygwin/nxtOSEK/ecrobot/../ecrobot/libecrobot.a(nxt_motors.oram)
 .bss.display_tick
                0x00203940        0x4 /cygdrive/C/cygwin/nxtOSEK/ecrobot/../ecrobot/libecrobot.a(display.oram)
                0x00203940                display_tick
 .bss.display_array
                0x00203944      0x388 /cygdrive/C/cygwin/nxtOSEK/ecrobot/../ecrobot/libecrobot.a(display.oram)
 .bss.i2c_int_count
                0x00203ccc        0x4 /cygdrive/C/cygwin/nxtOSEK/ecrobot/../ecrobot/libecrobot.a(i2c.oram)
 .bss.i2c_port  0x00203cd0      0x170 /cygdrive/C/cygwin/nxtOSEK/ecrobot/../ecrobot/libecrobot.a(i2c.oram)
 .bss.sound_mode
                0x00203e40        0x1 /cygdrive/C/cygwin/nxtOSEK/ecrobot/../ecrobot/libecrobot.a(sound.oram)
                0x00203e40                sound_mode
 *fill*         0x00203e41        0x3 00
 .bss.in_buf_idx
                0x00203e44        0x4 /cygdrive/C/cygwin/nxtOSEK/ecrobot/../ecrobot/libecrobot.a(bt.oram)
 .bss.buf_ptr   0x00203e48        0x4 /cygdrive/C/cygwin/nxtOSEK/ecrobot/../ecrobot/libecrobot.a(bt.oram)
 .bss.out_buf_ptr
                0x00203e4c        0x1 /cygdrive/C/cygwin/nxtOSEK/ecrobot/../ecrobot/libecrobot.a(bt.oram)
 .bss.in_buf_in_ptr
                0x00203e4d        0x1 /cygdrive/C/cygwin/nxtOSEK/ecrobot/../ecrobot/libecrobot.a(bt.oram)
 .bss.in_buf    0x00203e4e      0x100 /cygdrive/C/cygwin/nxtOSEK/ecrobot/../ecrobot/libecrobot.a(bt.oram)
 *fill*         0x00203f4e        0x2 00
 .bss.link_state
                0x00203f50        0x4 /cygdrive/C/cygwin/nxtOSEK/ecrobot/../ecrobot/libecrobot.a(nxt_avr.oram)
 .bss.update_count
                0x00203f54        0x4 /cygdrive/C/cygwin/nxtOSEK/ecrobot/../ecrobot/libecrobot.a(nxt_avr.oram)
 .bss.nxt_avr_stats
                0x00203f58       0x14 /cygdrive/C/cygwin/nxtOSEK/ecrobot/../ecrobot/libecrobot.a(nxt_avr.oram)
 .bss.debounce_cnt
                0x00203f6c        0x2 /cygdrive/C/cygwin/nxtOSEK/ecrobot/../ecrobot/libecrobot.a(nxt_avr.oram)
 .bss.debounce_state
                0x00203f6e        0x2 /cygdrive/C/cygwin/nxtOSEK/ecrobot/../ecrobot/libecrobot.a(nxt_avr.oram)
 .bss.button_state
                0x00203f70        0x2 /cygdrive/C/cygwin/nxtOSEK/ecrobot/../ecrobot/libecrobot.a(nxt_avr.oram)
 .bss.prev_buttons
                0x00203f72        0x2 /cygdrive/C/cygwin/nxtOSEK/ecrobot/../ecrobot/libecrobot.a(nxt_avr.oram)
 .bss.from_buf  0x00203f74        0x4 /cygdrive/C/cygwin/nxtOSEK/ecrobot/../ecrobot/libecrobot.a(nxt_avr.oram)
 .bss.io_from_avr
                0x00203f78        0x4 /cygdrive/C/cygwin/nxtOSEK/ecrobot/../ecrobot/libecrobot.a(nxt_avr.oram)
 .bss.data_from_avr
                0x00203f7c       0x1a /cygdrive/C/cygwin/nxtOSEK/ecrobot/../ecrobot/libecrobot.a(nxt_avr.oram)
 .bss.data_to_avr
                0x00203f96        0x9 /cygdrive/C/cygwin/nxtOSEK/ecrobot/../ecrobot/libecrobot.a(nxt_avr.oram)
 .bss.io_to_avr
                0x00203f9f        0x8 /cygdrive/C/cygwin/nxtOSEK/ecrobot/../ecrobot/libecrobot.a(nxt_avr.oram)
 *fill*         0x00203fa7        0x1 00
 .bss.display   0x00203fa8        0x4 /cygdrive/C/cygwin/nxtOSEK/ecrobot/../ecrobot/libecrobot.a(nxt_lcd.oram)
                0x00203fb0                . = ALIGN (0x10)
 *fill*         0x00203fac        0x4 00
                0x00203fb0                __bss_end__ = .
 COMMON         0x00203fb0        0x2 build/kernel/interrupt.o
                0x00203fb0                runisr
                0x00203fb1                sus_all_cnt
 *fill*         0x00203fb2        0x2 00
 COMMON         0x00203fb4       0x10 build/kernel/osctl.o
                0x00203fb4                callevel
                0x00203fb5                _errorhook_svcid
                0x00203fb6                appmode
                0x00203fb8                _errorhook_par1
                0x00203fbc                _errorhook_par3
                0x00203fc0                _errorhook_par2
 COMMON         0x00203fc4        0x3 build/kernel/task.o
                0x00203fc4                runtsk
                0x00203fc5                schedtsk
                0x00203fc6                nextpri
 *fill*         0x00203fc7        0x1 00
 COMMON         0x00203fc8       0x2c build/./kernel_cfg.o
                0x00203fc8                tcb_waievt
                0x00203fcc                rescb_prevpri
                0x00203fcd                almcb_prev
                0x00203fce                tcb_lastres
                0x00203fd0                almcb_almval
                0x00203fd4                tcxb_pc
                0x00203fd8                tcb_next
                0x00203fd9                tcb_curpri
                0x00203fda                tcb_tstat
                0x00203fdb                isrcb_lastres
                0x00203fdc                cntcb_almque
                0x00203fdd                rescb_prevres
                0x00203fde                tcb_actcnt
                0x00203fe0                tcb_curevt
                0x00203fe4                almcb_cycle
                0x00203fe8                tcxb_sp
                0x00203fec                almcb_next
                0x00203ff0                cntcb_curval
 COMMON         0x00203ff4      0x371 build/src/robot/main.o
                0x00203ff4                mazeEnd
                0x0020409d                previousNode
                0x0020409f                currentPosition
                0x002040a1                mazeStart
                0x0020414a                mazeStorage
                0x002041f3                mazeVisited
                0x0020429c                mazeDistance
                0x00204348                posX
                0x0020434c                pathStorage
 *fill*         0x00204365        0x3 00
 COMMON         0x00204368       0x44 /cygdrive/C/cygwin/nxtOSEK/ecrobot/../ecrobot/libecrobot.a(uart.oram)
                0x00204368                uart
 COMMON         0x002043ac        0x4 /cygdrive/C/cygwin/nxtOSEK/ecrobot/../ecrobot/libecrobot.a(data_abort.oram)
                0x002043ac                data_abort_pc
 COMMON         0x002043b0        0x8 /cygdrive/C/cygwin/nxtOSEK/ecrobot/../ecrobot/libecrobot.a(display.oram)
                0x002043b0                display_x
                0x002043b4                display_y
 COMMON         0x002043b8      0x31c /cygdrive/C/cygwin/nxtOSEK/ecrobot/../ecrobot/libecrobot.a(sound.oram)
                0x002043b8                sample
                0x00203320                __bss_start__ = ADDR (.bss)
                0x002046d4                __bss_end__ = (ADDR (.bss) + SIZEOF (.bss))
                0x002046d4                PROVIDE (end, .)

.heap_area      0x002046d4     0xb4a4
                0x0020fb78                . = (. + (0x20fb78 - end))
 *fill*         0x002046d4     0xb4a4 00

.stack          0x0020fb78      0x488
                0x0020fbf8                . = (. + 0x80)
 *fill*         0x0020fb78       0x80 00
                0x0020fc00                . = ALIGN (0x10)
 *fill*         0x0020fbf8        0x8 00
                0x0020fc00                __irq_stack__ = .
                0x0020fc00                __system_stack_bottom__ = .
                0x00210000                . = (. + 0x400)
 *fill*         0x0020fc00      0x400 00
                0x00210000                . = ALIGN (0x10)
                0x00210000                __system_stack__ = .
                0x00210000                __system_stack_top__ = .
                0x0020fb78                __stack_start__ = ADDR (.stack)
                0x00210000                __stack_end__ = (ADDR (.stack) + SIZEOF (.stack))
OUTPUT(main_rom.elf elf32-littlearm)

.comment        0x00000000      0x372
 .comment       0x00000000       0x12 build/kernel/alarm.o
 .comment       0x00000012       0x12 build/kernel/event.o
 .comment       0x00000024       0x12 build/kernel/interrupt.o
 .comment       0x00000036       0x12 build/kernel/osctl.o
 .comment       0x00000048       0x12 build/kernel/resource.o
 .comment       0x0000005a       0x12 build/kernel/task.o
 .comment       0x0000006c       0x12 build/kernel/task_manage.o
 .comment       0x0000007e       0x12 build/config/at91sam7s-gnu/cpu_config.o
 .comment       0x00000090       0x12 build/config/at91sam7s-gnu/lego_nxt/sys_config.o
 .comment       0x000000a2       0x12 build/./kernel_cfg.o
 .comment       0x000000b4       0x12 build/syscalls.o
 .comment       0x000000c6       0x12 build/ecrobot_bluetooth.o
 .comment       0x000000d8       0x12 build/ecrobot_base.o
 .comment       0x000000ea       0x12 build/ecrobot.o
 .comment       0x000000fc       0x12 build/src/robot/main.o
 .comment       0x0000010e       0x12 build/src/Algo.o
 .comment       0x00000120       0x12 build/syslib/at91sam7s-gnu/lego_nxt/hw_sys_timer.oram
 .comment       0x00000132       0x12 /cygdrive/C/cygwin/nxtOSEK/ecrobot/../ecrobot/libecrobot.a(ecrobot_interface.o)
 .comment       0x00000144       0x12 /cygdrive/C/cygwin/nxtOSEK/ecrobot/../ecrobot/libecrobot.a(colorsensor.o)
 .comment       0x00000156       0x12 /cygdrive/C/cygwin/nxtOSEK/ecrobot/../ecrobot/libecrobot.a(osek_hook.o)
 .comment       0x00000168       0x12 /cygdrive/C/cygwin/nxtOSEK/ecrobot/../ecrobot/libecrobot.a(uart.oram)
 .comment       0x0000017a       0x12 /cygdrive/C/cygwin/nxtOSEK/ecrobot/../ecrobot/libecrobot.a(systick.oram)
 .comment       0x0000018c       0x12 /cygdrive/C/cygwin/nxtOSEK/ecrobot/../ecrobot/libecrobot.a(byte_fifo.oram)
 .comment       0x0000019e       0x12 /cygdrive/C/cygwin/nxtOSEK/ecrobot/../ecrobot/libecrobot.a(aic.oram)
 .comment       0x000001b0       0x12 /cygdrive/C/cygwin/nxtOSEK/ecrobot/../ecrobot/libecrobot.a(udp.oram)
 .comment       0x000001c2       0x12 /cygdrive/C/cygwin/nxtOSEK/ecrobot/../ecrobot/libecrobot.a(twi.oram)
 .comment       0x000001d4       0x12 /cygdrive/C/cygwin/nxtOSEK/ecrobot/../ecrobot/libecrobot.a(nxt_spi.oram)
 .comment       0x000001e6       0x12 /cygdrive/C/cygwin/nxtOSEK/ecrobot/../ecrobot/libecrobot.a(nxt_motors.oram)
 .comment       0x000001f8       0x12 /cygdrive/C/cygwin/nxtOSEK/ecrobot/../ecrobot/libecrobot.a(data_abort.oram)
 .comment       0x0000020a       0x12 /cygdrive/C/cygwin/nxtOSEK/ecrobot/../ecrobot/libecrobot.a(display.oram)
 .comment       0x0000021c       0x12 /cygdrive/C/cygwin/nxtOSEK/ecrobot/../ecrobot/libecrobot.a(i2c.oram)
 .comment       0x0000022e       0x12 /cygdrive/C/cygwin/nxtOSEK/ecrobot/../ecrobot/libecrobot.a(sound.oram)
 .comment       0x00000240       0x12 /cygdrive/C/cygwin/nxtOSEK/ecrobot/../ecrobot/libecrobot.a(bt.oram)
 .comment       0x00000252       0x12 /cygdrive/C/cygwin/nxtOSEK/ecrobot/../ecrobot/libecrobot.a(nxt_avr.oram)
 .comment       0x00000264       0x12 /cygdrive/C/cygwin/nxtOSEK/ecrobot/../ecrobot/libecrobot.a(sensors.oram)
 .comment       0x00000276       0x12 /cygdrive/C/cygwin/nxtOSEK/ecrobot/../ecrobot/libecrobot.a(sensors1.oram)
 .comment       0x00000288       0x12 /cygdrive/C/cygwin/nxtOSEK/ecrobot/../ecrobot/libecrobot.a(nxt_lcd.oram)
 .comment       0x0000029a       0x12 /cygdrive/C/cygwin/nxtOSEK/ecrobot/../ecrobot/libecrobot.a(flash_loader.oram)
 .comment       0x000002ac       0x12 /cygdrive/C/cygwin/nxtOSEK/ecrobot/../ecrobot/libecrobot.a(ecrobot_usb.o)
 .comment       0x000002be       0x12 /cygdrive/C/cygwin/nxtOSEK/ecrobot/../ecrobot/libecrobot.a(flashprog.oram)
 .comment       0x000002d0       0x12 /cygdrive/C/cygwin/GNUARM/bin/../lib/gcc/arm-elf/4.0.2/thumb/interwork/libgcc.a(_muldi3.o)
 .comment       0x000002e2       0x12 /cygdrive/C/cygwin/GNUARM/bin/../lib/gcc/arm-elf/4.0.2/thumb/interwork/libgcc.a(_divdi3.o)
 .comment       0x000002f4       0x12 /cygdrive/C/cygwin/GNUARM/bin/../lib/gcc/arm-elf/4.0.2/thumb/interwork/libgcc.a(_clz.o)
 .comment       0x00000306       0x12 /cygdrive/C/cygwin/GNUARM/bin/../lib/gcc/arm-elf/4.0.2/../../../../arm-elf/lib/thumb/interwork/libc.a(memcpy.o)
 .comment       0x00000318       0x12 /cygdrive/C/cygwin/GNUARM/bin/../lib/gcc/arm-elf/4.0.2/../../../../arm-elf/lib/thumb/interwork/libc.a(memset.o)
 .comment       0x0000032a       0x12 /cygdrive/C/cygwin/GNUARM/bin/../lib/gcc/arm-elf/4.0.2/../../../../arm-elf/lib/thumb/interwork/libc.a(strcmp.o)
 .comment       0x0000033c       0x12 /cygdrive/C/cygwin/GNUARM/bin/../lib/gcc/arm-elf/4.0.2/../../../../arm-elf/lib/thumb/interwork/libc.a(strcpy.o)
 .comment       0x0000034e       0x12 /cygdrive/C/cygwin/GNUARM/bin/../lib/gcc/arm-elf/4.0.2/../../../../arm-elf/lib/thumb/interwork/libc.a(strlen.o)
 .comment       0x00000360       0x12 /cygdrive/C/cygwin/GNUARM/bin/../lib/gcc/arm-elf/4.0.2/../../../../arm-elf/lib/thumb/interwork/libc.a(strncpy.o)

.debug_line     0x00000000      0xb77
 .debug_line    0x00000000       0x70 /cygdrive/C/cygwin/GNUARM/bin/../lib/gcc/arm-elf/4.0.2/thumb/interwork/libgcc.a(_udivsi3.o)
 .debug_line    0x00000070       0x7c /cygdrive/C/cygwin/GNUARM/bin/../lib/gcc/arm-elf/4.0.2/thumb/interwork/libgcc.a(_divsi3.o)
 .debug_line    0x000000ec       0x68 /cygdrive/C/cygwin/GNUARM/bin/../lib/gcc/arm-elf/4.0.2/thumb/interwork/libgcc.a(_umodsi3.o)
 .debug_line    0x00000154       0x71 /cygdrive/C/cygwin/GNUARM/bin/../lib/gcc/arm-elf/4.0.2/thumb/interwork/libgcc.a(_modsi3.o)
 .debug_line    0x000001c5       0x5a /cygdrive/C/cygwin/GNUARM/bin/../lib/gcc/arm-elf/4.0.2/thumb/interwork/libgcc.a(_dvmd_tls.o)
 .debug_line    0x0000021f      0x162 /cygdrive/C/cygwin/GNUARM/bin/../lib/gcc/arm-elf/4.0.2/thumb/interwork/libgcc.a(_addsubdf3.o)
 .debug_line    0x00000381      0x177 /cygdrive/C/cygwin/GNUARM/bin/../lib/gcc/arm-elf/4.0.2/thumb/interwork/libgcc.a(_muldivdf3.o)
 .debug_line    0x000004f8       0xa4 /cygdrive/C/cygwin/GNUARM/bin/../lib/gcc/arm-elf/4.0.2/thumb/interwork/libgcc.a(_cmpdf2.o)
 .debug_line    0x0000059c       0x61 /cygdrive/C/cygwin/GNUARM/bin/../lib/gcc/arm-elf/4.0.2/thumb/interwork/libgcc.a(_muldi3.o)
 .debug_line    0x000005fd      0x122 /cygdrive/C/cygwin/GNUARM/bin/../lib/gcc/arm-elf/4.0.2/thumb/interwork/libgcc.a(_divdi3.o)
 .debug_line    0x0000071f       0x48 /cygdrive/C/cygwin/GNUARM/bin/../lib/gcc/arm-elf/4.0.2/thumb/interwork/libgcc.a(_clz.o)
 .debug_line    0x00000767       0xc3 /cygdrive/C/cygwin/GNUARM/bin/../lib/gcc/arm-elf/4.0.2/../../../../arm-elf/lib/thumb/interwork/libc.a(memcpy.o)
 .debug_line    0x0000082a       0xd4 /cygdrive/C/cygwin/GNUARM/bin/../lib/gcc/arm-elf/4.0.2/../../../../arm-elf/lib/thumb/interwork/libc.a(memset.o)
 .debug_line    0x000008fe       0x88 /cygdrive/C/cygwin/GNUARM/bin/../lib/gcc/arm-elf/4.0.2/../../../../arm-elf/lib/thumb/interwork/libc.a(strcmp.o)
 .debug_line    0x00000986       0x80 /cygdrive/C/cygwin/GNUARM/bin/../lib/gcc/arm-elf/4.0.2/../../../../arm-elf/lib/thumb/interwork/libc.a(strcpy.o)
 .debug_line    0x00000a06       0xaf /cygdrive/C/cygwin/GNUARM/bin/../lib/gcc/arm-elf/4.0.2/../../../../arm-elf/lib/thumb/interwork/libc.a(strlen.o)
 .debug_line    0x00000ab5       0xc2 /cygdrive/C/cygwin/GNUARM/bin/../lib/gcc/arm-elf/4.0.2/../../../../arm-elf/lib/thumb/interwork/libc.a(strncpy.o)

.debug_info     0x00000000     0x137a
 .debug_info    0x00000000       0x6a /cygdrive/C/cygwin/GNUARM/bin/../lib/gcc/arm-elf/4.0.2/thumb/interwork/libgcc.a(_udivsi3.o)
 .debug_info    0x0000006a       0x6a /cygdrive/C/cygwin/GNUARM/bin/../lib/gcc/arm-elf/4.0.2/thumb/interwork/libgcc.a(_divsi3.o)
 .debug_info    0x000000d4       0x6a /cygdrive/C/cygwin/GNUARM/bin/../lib/gcc/arm-elf/4.0.2/thumb/interwork/libgcc.a(_umodsi3.o)
 .debug_info    0x0000013e       0x6a /cygdrive/C/cygwin/GNUARM/bin/../lib/gcc/arm-elf/4.0.2/thumb/interwork/libgcc.a(_modsi3.o)
 .debug_info    0x000001a8       0x6a /cygdrive/C/cygwin/GNUARM/bin/../lib/gcc/arm-elf/4.0.2/thumb/interwork/libgcc.a(_dvmd_tls.o)
 .debug_info    0x00000212       0x69 /cygdrive/C/cygwin/GNUARM/bin/../lib/gcc/arm-elf/4.0.2/thumb/interwork/libgcc.a(_addsubdf3.o)
 .debug_info    0x0000027b       0x69 /cygdrive/C/cygwin/GNUARM/bin/../lib/gcc/arm-elf/4.0.2/thumb/interwork/libgcc.a(_muldivdf3.o)
 .debug_info    0x000002e4       0x69 /cygdrive/C/cygwin/GNUARM/bin/../lib/gcc/arm-elf/4.0.2/thumb/interwork/libgcc.a(_cmpdf2.o)
 .debug_info    0x0000034d      0x20e /cygdrive/C/cygwin/GNUARM/bin/../lib/gcc/arm-elf/4.0.2/thumb/interwork/libgcc.a(_muldi3.o)
 .debug_info    0x0000055b      0x758 /cygdrive/C/cygwin/GNUARM/bin/../lib/gcc/arm-elf/4.0.2/thumb/interwork/libgcc.a(_divdi3.o)
 .debug_info    0x00000cb3       0xc9 /cygdrive/C/cygwin/GNUARM/bin/../lib/gcc/arm-elf/4.0.2/thumb/interwork/libgcc.a(_clz.o)
 .debug_info    0x00000d7c      0x10d /cygdrive/C/cygwin/GNUARM/bin/../lib/gcc/arm-elf/4.0.2/../../../../arm-elf/lib/thumb/interwork/libc.a(memcpy.o)
 .debug_info    0x00000e89      0x111 /cygdrive/C/cygwin/GNUARM/bin/../lib/gcc/arm-elf/4.0.2/../../../../arm-elf/lib/thumb/interwork/libc.a(memset.o)
 .debug_info    0x00000f9a       0xd9 /cygdrive/C/cygwin/GNUARM/bin/../lib/gcc/arm-elf/4.0.2/../../../../arm-elf/lib/thumb/interwork/libc.a(strcmp.o)
 .debug_info    0x00001073      0x10c /cygdrive/C/cygwin/GNUARM/bin/../lib/gcc/arm-elf/4.0.2/../../../../arm-elf/lib/thumb/interwork/libc.a(strcpy.o)
 .debug_info    0x0000117f       0xd5 /cygdrive/C/cygwin/GNUARM/bin/../lib/gcc/arm-elf/4.0.2/../../../../arm-elf/lib/thumb/interwork/libc.a(strlen.o)
 .debug_info    0x00001254      0x126 /cygdrive/C/cygwin/GNUARM/bin/../lib/gcc/arm-elf/4.0.2/../../../../arm-elf/lib/thumb/interwork/libc.a(strncpy.o)

.debug_abbrev   0x00000000      0x69d
 .debug_abbrev  0x00000000       0x14 /cygdrive/C/cygwin/GNUARM/bin/../lib/gcc/arm-elf/4.0.2/thumb/interwork/libgcc.a(_udivsi3.o)
 .debug_abbrev  0x00000014       0x14 /cygdrive/C/cygwin/GNUARM/bin/../lib/gcc/arm-elf/4.0.2/thumb/interwork/libgcc.a(_divsi3.o)
 .debug_abbrev  0x00000028       0x14 /cygdrive/C/cygwin/GNUARM/bin/../lib/gcc/arm-elf/4.0.2/thumb/interwork/libgcc.a(_umodsi3.o)
 .debug_abbrev  0x0000003c       0x14 /cygdrive/C/cygwin/GNUARM/bin/../lib/gcc/arm-elf/4.0.2/thumb/interwork/libgcc.a(_modsi3.o)
 .debug_abbrev  0x00000050       0x14 /cygdrive/C/cygwin/GNUARM/bin/../lib/gcc/arm-elf/4.0.2/thumb/interwork/libgcc.a(_dvmd_tls.o)
 .debug_abbrev  0x00000064       0x14 /cygdrive/C/cygwin/GNUARM/bin/../lib/gcc/arm-elf/4.0.2/thumb/interwork/libgcc.a(_addsubdf3.o)
 .debug_abbrev  0x00000078       0x14 /cygdrive/C/cygwin/GNUARM/bin/../lib/gcc/arm-elf/4.0.2/thumb/interwork/libgcc.a(_muldivdf3.o)
 .debug_abbrev  0x0000008c       0x14 /cygdrive/C/cygwin/GNUARM/bin/../lib/gcc/arm-elf/4.0.2/thumb/interwork/libgcc.a(_cmpdf2.o)
 .debug_abbrev  0x000000a0       0xec /cygdrive/C/cygwin/GNUARM/bin/../lib/gcc/arm-elf/4.0.2/thumb/interwork/libgcc.a(_muldi3.o)
 .debug_abbrev  0x0000018c      0x174 /cygdrive/C/cygwin/GNUARM/bin/../lib/gcc/arm-elf/4.0.2/thumb/interwork/libgcc.a(_divdi3.o)
 .debug_abbrev  0x00000300       0x61 /cygdrive/C/cygwin/GNUARM/bin/../lib/gcc/arm-elf/4.0.2/thumb/interwork/libgcc.a(_clz.o)
 .debug_abbrev  0x00000361       0x99 /cygdrive/C/cygwin/GNUARM/bin/../lib/gcc/arm-elf/4.0.2/../../../../arm-elf/lib/thumb/interwork/libc.a(memcpy.o)
 .debug_abbrev  0x000003fa       0x9a /cygdrive/C/cygwin/GNUARM/bin/../lib/gcc/arm-elf/4.0.2/../../../../arm-elf/lib/thumb/interwork/libc.a(memset.o)
 .debug_abbrev  0x00000494       0x71 /cygdrive/C/cygwin/GNUARM/bin/../lib/gcc/arm-elf/4.0.2/../../../../arm-elf/lib/thumb/interwork/libc.a(strcmp.o)
 .debug_abbrev  0x00000505       0x80 /cygdrive/C/cygwin/GNUARM/bin/../lib/gcc/arm-elf/4.0.2/../../../../arm-elf/lib/thumb/interwork/libc.a(strcpy.o)
 .debug_abbrev  0x00000585       0x8b /cygdrive/C/cygwin/GNUARM/bin/../lib/gcc/arm-elf/4.0.2/../../../../arm-elf/lib/thumb/interwork/libc.a(strlen.o)
 .debug_abbrev  0x00000610       0x8d /cygdrive/C/cygwin/GNUARM/bin/../lib/gcc/arm-elf/4.0.2/../../../../arm-elf/lib/thumb/interwork/libc.a(strncpy.o)

.debug_aranges  0x00000000      0x200
 .debug_aranges
                0x00000000       0x20 /cygdrive/C/cygwin/GNUARM/bin/../lib/gcc/arm-elf/4.0.2/thumb/interwork/libgcc.a(_udivsi3.o)
 .debug_aranges
                0x00000020       0x20 /cygdrive/C/cygwin/GNUARM/bin/../lib/gcc/arm-elf/4.0.2/thumb/interwork/libgcc.a(_divsi3.o)
 .debug_aranges
                0x00000040       0x20 /cygdrive/C/cygwin/GNUARM/bin/../lib/gcc/arm-elf/4.0.2/thumb/interwork/libgcc.a(_umodsi3.o)
 .debug_aranges
                0x00000060       0x20 /cygdrive/C/cygwin/GNUARM/bin/../lib/gcc/arm-elf/4.0.2/thumb/interwork/libgcc.a(_modsi3.o)
 .debug_aranges
                0x00000080       0x20 /cygdrive/C/cygwin/GNUARM/bin/../lib/gcc/arm-elf/4.0.2/thumb/interwork/libgcc.a(_dvmd_tls.o)
 .debug_aranges
                0x000000a0       0x20 /cygdrive/C/cygwin/GNUARM/bin/../lib/gcc/arm-elf/4.0.2/thumb/interwork/libgcc.a(_addsubdf3.o)
 .debug_aranges
                0x000000c0       0x20 /cygdrive/C/cygwin/GNUARM/bin/../lib/gcc/arm-elf/4.0.2/thumb/interwork/libgcc.a(_muldivdf3.o)
 .debug_aranges
                0x000000e0       0x20 /cygdrive/C/cygwin/GNUARM/bin/../lib/gcc/arm-elf/4.0.2/thumb/interwork/libgcc.a(_cmpdf2.o)
 .debug_aranges
                0x00000100       0x20 /cygdrive/C/cygwin/GNUARM/bin/../lib/gcc/arm-elf/4.0.2/thumb/interwork/libgcc.a(_muldi3.o)
 .debug_aranges
                0x00000120       0x20 /cygdrive/C/cygwin/GNUARM/bin/../lib/gcc/arm-elf/4.0.2/thumb/interwork/libgcc.a(_divdi3.o)
 .debug_aranges
                0x00000140       0x20 /cygdrive/C/cygwin/GNUARM/bin/../lib/gcc/arm-elf/4.0.2/../../../../arm-elf/lib/thumb/interwork/libc.a(memcpy.o)
 .debug_aranges
                0x00000160       0x20 /cygdrive/C/cygwin/GNUARM/bin/../lib/gcc/arm-elf/4.0.2/../../../../arm-elf/lib/thumb/interwork/libc.a(memset.o)
 .debug_aranges
                0x00000180       0x20 /cygdrive/C/cygwin/GNUARM/bin/../lib/gcc/arm-elf/4.0.2/../../../../arm-elf/lib/thumb/interwork/libc.a(strcmp.o)
 .debug_aranges
                0x000001a0       0x20 /cygdrive/C/cygwin/GNUARM/bin/../lib/gcc/arm-elf/4.0.2/../../../../arm-elf/lib/thumb/interwork/libc.a(strcpy.o)
 .debug_aranges
                0x000001c0       0x20 /cygdrive/C/cygwin/GNUARM/bin/../lib/gcc/arm-elf/4.0.2/../../../../arm-elf/lib/thumb/interwork/libc.a(strlen.o)
 .debug_aranges
                0x000001e0       0x20 /cygdrive/C/cygwin/GNUARM/bin/../lib/gcc/arm-elf/4.0.2/../../../../arm-elf/lib/thumb/interwork/libc.a(strncpy.o)

.debug_frame    0x00000000      0x180
 .debug_frame   0x00000000       0x38 /cygdrive/C/cygwin/GNUARM/bin/../lib/gcc/arm-elf/4.0.2/thumb/interwork/libgcc.a(_muldi3.o)
 .debug_frame   0x00000038       0x3c /cygdrive/C/cygwin/GNUARM/bin/../lib/gcc/arm-elf/4.0.2/thumb/interwork/libgcc.a(_divdi3.o)
 .debug_frame   0x00000074       0x2c /cygdrive/C/cygwin/GNUARM/bin/../lib/gcc/arm-elf/4.0.2/../../../../arm-elf/lib/thumb/interwork/libc.a(memcpy.o)
 .debug_frame   0x000000a0       0x2c /cygdrive/C/cygwin/GNUARM/bin/../lib/gcc/arm-elf/4.0.2/../../../../arm-elf/lib/thumb/interwork/libc.a(memset.o)
 .debug_frame   0x000000cc       0x2c /cygdrive/C/cygwin/GNUARM/bin/../lib/gcc/arm-elf/4.0.2/../../../../arm-elf/lib/thumb/interwork/libc.a(strcmp.o)
 .debug_frame   0x000000f8       0x2c /cygdrive/C/cygwin/GNUARM/bin/../lib/gcc/arm-elf/4.0.2/../../../../arm-elf/lib/thumb/interwork/libc.a(strcpy.o)
 .debug_frame   0x00000124       0x2c /cygdrive/C/cygwin/GNUARM/bin/../lib/gcc/arm-elf/4.0.2/../../../../arm-elf/lib/thumb/interwork/libc.a(strlen.o)
 .debug_frame   0x00000150       0x30 /cygdrive/C/cygwin/GNUARM/bin/../lib/gcc/arm-elf/4.0.2/../../../../arm-elf/lib/thumb/interwork/libc.a(strncpy.o)

.debug_loc      0x00000000     0x13c0
 .debug_loc     0x00000000      0x156 /cygdrive/C/cygwin/GNUARM/bin/../lib/gcc/arm-elf/4.0.2/thumb/interwork/libgcc.a(_muldi3.o)
 .debug_loc     0x00000156      0xd45 /cygdrive/C/cygwin/GNUARM/bin/../lib/gcc/arm-elf/4.0.2/thumb/interwork/libgcc.a(_divdi3.o)
 .debug_loc     0x00000e9b      0x127 /cygdrive/C/cygwin/GNUARM/bin/../lib/gcc/arm-elf/4.0.2/../../../../arm-elf/lib/thumb/interwork/libc.a(memcpy.o)
 .debug_loc     0x00000fc2      0x12a /cygdrive/C/cygwin/GNUARM/bin/../lib/gcc/arm-elf/4.0.2/../../../../arm-elf/lib/thumb/interwork/libc.a(memset.o)
 .debug_loc     0x000010ec       0x8e /cygdrive/C/cygwin/GNUARM/bin/../lib/gcc/arm-elf/4.0.2/../../../../arm-elf/lib/thumb/interwork/libc.a(strcmp.o)
 .debug_loc     0x0000117a       0xb4 /cygdrive/C/cygwin/GNUARM/bin/../lib/gcc/arm-elf/4.0.2/../../../../arm-elf/lib/thumb/interwork/libc.a(strcpy.o)
 .debug_loc     0x0000122e       0x3c /cygdrive/C/cygwin/GNUARM/bin/../lib/gcc/arm-elf/4.0.2/../../../../arm-elf/lib/thumb/interwork/libc.a(strlen.o)
 .debug_loc     0x0000126a      0x156 /cygdrive/C/cygwin/GNUARM/bin/../lib/gcc/arm-elf/4.0.2/../../../../arm-elf/lib/thumb/interwork/libc.a(strncpy.o)

.debug_pubnames
                0x00000000      0x10d
 .debug_pubnames
                0x00000000       0x1f /cygdrive/C/cygwin/GNUARM/bin/../lib/gcc/arm-elf/4.0.2/thumb/interwork/libgcc.a(_muldi3.o)
 .debug_pubnames
                0x0000001f       0x1f /cygdrive/C/cygwin/GNUARM/bin/../lib/gcc/arm-elf/4.0.2/thumb/interwork/libgcc.a(_divdi3.o)
 .debug_pubnames
                0x0000003e       0x20 /cygdrive/C/cygwin/GNUARM/bin/../lib/gcc/arm-elf/4.0.2/thumb/interwork/libgcc.a(_clz.o)
 .debug_pubnames
                0x0000005e       0x1d /cygdrive/C/cygwin/GNUARM/bin/../lib/gcc/arm-elf/4.0.2/../../../../arm-elf/lib/thumb/interwork/libc.a(memcpy.o)
 .debug_pubnames
                0x0000007b       0x1d /cygdrive/C/cygwin/GNUARM/bin/../lib/gcc/arm-elf/4.0.2/../../../../arm-elf/lib/thumb/interwork/libc.a(memset.o)
 .debug_pubnames
                0x00000098       0x1d /cygdrive/C/cygwin/GNUARM/bin/../lib/gcc/arm-elf/4.0.2/../../../../arm-elf/lib/thumb/interwork/libc.a(strcmp.o)
 .debug_pubnames
                0x000000b5       0x1d /cygdrive/C/cygwin/GNUARM/bin/../lib/gcc/arm-elf/4.0.2/../../../../arm-elf/lib/thumb/interwork/libc.a(strcpy.o)
 .debug_pubnames
                0x000000d2       0x1d /cygdrive/C/cygwin/GNUARM/bin/../lib/gcc/arm-elf/4.0.2/../../../../arm-elf/lib/thumb/interwork/libc.a(strlen.o)
 .debug_pubnames
                0x000000ef       0x1e /cygdrive/C/cygwin/GNUARM/bin/../lib/gcc/arm-elf/4.0.2/../../../../arm-elf/lib/thumb/interwork/libc.a(strncpy.o)

.debug_ranges   0x00000000      0x1d8
 .debug_ranges  0x00000000       0x30 /cygdrive/C/cygwin/GNUARM/bin/../lib/gcc/arm-elf/4.0.2/thumb/interwork/libgcc.a(_muldi3.o)
 .debug_ranges  0x00000030      0x1a8 /cygdrive/C/cygwin/GNUARM/bin/../lib/gcc/arm-elf/4.0.2/thumb/interwork/libgcc.a(_divdi3.o)

.debug_str      0x00000000      0x38b
 .debug_str     0x00000000       0xfb /cygdrive/C/cygwin/GNUARM/bin/../lib/gcc/arm-elf/4.0.2/thumb/interwork/libgcc.a(_muldi3.o)
                                0x14f (size before relaxing)
 .debug_str     0x000000fb       0x5d /cygdrive/C/cygwin/GNUARM/bin/../lib/gcc/arm-elf/4.0.2/thumb/interwork/libgcc.a(_divdi3.o)
                                0x1a3 (size before relaxing)
 .debug_str     0x00000158        0x0 /cygdrive/C/cygwin/GNUARM/bin/../lib/gcc/arm-elf/4.0.2/thumb/interwork/libgcc.a(_clz.o)
                                0x104 (size before relaxing)
 .debug_str     0x00000158       0xb3 /cygdrive/C/cygwin/GNUARM/bin/../lib/gcc/arm-elf/4.0.2/../../../../arm-elf/lib/thumb/interwork/libc.a(memcpy.o)
                                 0xdf (size before relaxing)
 .debug_str     0x0000020b       0x5a /cygdrive/C/cygwin/GNUARM/bin/../lib/gcc/arm-elf/4.0.2/../../../../arm-elf/lib/thumb/interwork/libc.a(memset.o)
                                0x129 (size before relaxing)
 .debug_str     0x00000265       0x46 /cygdrive/C/cygwin/GNUARM/bin/../lib/gcc/arm-elf/4.0.2/../../../../arm-elf/lib/thumb/interwork/libc.a(strcmp.o)
                                0x10e (size before relaxing)
 .debug_str     0x000002ab       0x46 /cygdrive/C/cygwin/GNUARM/bin/../lib/gcc/arm-elf/4.0.2/../../../../arm-elf/lib/thumb/interwork/libc.a(strcpy.o)
                                0x130 (size before relaxing)
 .debug_str     0x000002f1       0x4c /cygdrive/C/cygwin/GNUARM/bin/../lib/gcc/arm-elf/4.0.2/../../../../arm-elf/lib/thumb/interwork/libc.a(strlen.o)
                                0x128 (size before relaxing)
 .debug_str     0x0000033d       0x4e /cygdrive/C/cygwin/GNUARM/bin/../lib/gcc/arm-elf/4.0.2/../../../../arm-elf/lib/thumb/interwork/libc.a(strncpy.o)
                                0x13f (size before relaxing)

Cross Reference Table

Symbol                                            File
ActivateTask                                      build/kernel/task_manage.o
CancelAlarm                                       build/kernel/alarm.o
ChainTask                                         build/kernel/task_manage.o
ClearEvent                                        build/kernel/event.o
DisableAllInterrupts                              build/kernel/interrupt.o
EnableAllInterrupts                               build/kernel/interrupt.o
ErrorHook                                         /cygdrive/C/cygwin/nxtOSEK/ecrobot/../ecrobot/libecrobot.a(osek_hook.o)
                                                  build/kernel/osctl.o
GetActiveApplicationMode                          build/kernel/osctl.o
GetAlarm                                          build/kernel/alarm.o
GetAlarmBase                                      build/kernel/alarm.o
GetEvent                                          build/kernel/event.o
GetResource                                       build/kernel/resource.o
GetTaskID                                         build/kernel/task_manage.o
GetTaskState                                      build/kernel/task_manage.o
NXT_Entry_Point                                   build/nxt_entry_point.o
                                                  build/nxt_binary_header.o
OSEK_Main_Task                                    build/./kernel_cfg.o
PostTaskHook                                      /cygdrive/C/cygwin/nxtOSEK/ecrobot/../ecrobot/libecrobot.a(osek_hook.o)
                                                  build/config/at91sam7s-gnu/cpu_support.oram
                                                  build/kernel/osctl.o
PreTaskHook                                       /cygdrive/C/cygwin/nxtOSEK/ecrobot/../ecrobot/libecrobot.a(osek_hook.o)
                                                  build/config/at91sam7s-gnu/cpu_support.oram
                                                  build/kernel/osctl.o
ReleaseResource                                   build/kernel/resource.o
ResumeAllInterrupts                               build/kernel/interrupt.o
ResumeOSInterrupts                                build/kernel/interrupt.o
Schedule                                          build/kernel/task_manage.o
SetAbsAlarm                                       build/kernel/alarm.o
SetEvent                                          build/kernel/event.o
SetRelAlarm                                       build/kernel/alarm.o
ShutdownHook                                      /cygdrive/C/cygwin/nxtOSEK/ecrobot/../ecrobot/libecrobot.a(osek_hook.o)
                                                  build/kernel/osctl.o
ShutdownOS                                        build/kernel/osctl.o
SignalCounter                                     build/kernel/alarm.o
StartOS                                           build/kernel/osctl.o
                                                  build/ecrobot.o
StartupHook                                       /cygdrive/C/cygwin/nxtOSEK/ecrobot/../ecrobot/libecrobot.a(osek_hook.o)
                                                  build/kernel/osctl.o
SuspendAllInterrupts                              build/kernel/interrupt.o
SuspendOSInterrupts                               build/kernel/interrupt.o
TaskMainOSEK_Main_Task                            build/src/robot/main.o
                                                  build/./kernel_cfg.o
TerminateTask                                     build/kernel/task_manage.o
WaitEvent                                         build/kernel/event.o
____floatsidf_change_to_arm                       /cygdrive/C/cygwin/GNUARM/bin/../lib/gcc/arm-elf/4.0.2/../../../../arm-elf/lib/thumb/interwork/libc.a(strncpy.o)
____floatsidf_from_thumb                          /cygdrive/C/cygwin/GNUARM/bin/../lib/gcc/arm-elf/4.0.2/../../../../arm-elf/lib/thumb/interwork/libc.a(strncpy.o)
____gtdf2_change_to_arm                           /cygdrive/C/cygwin/GNUARM/bin/../lib/gcc/arm-elf/4.0.2/../../../../arm-elf/lib/thumb/interwork/libc.a(strncpy.o)
____gtdf2_from_thumb                              /cygdrive/C/cygwin/GNUARM/bin/../lib/gcc/arm-elf/4.0.2/../../../../arm-elf/lib/thumb/interwork/libc.a(strncpy.o)
____muldf3_change_to_arm                          /cygdrive/C/cygwin/GNUARM/bin/../lib/gcc/arm-elf/4.0.2/../../../../arm-elf/lib/thumb/interwork/libc.a(strncpy.o)
____muldf3_from_thumb                             /cygdrive/C/cygwin/GNUARM/bin/../lib/gcc/arm-elf/4.0.2/../../../../arm-elf/lib/thumb/interwork/libc.a(strncpy.o)
__adddf3                                          /cygdrive/C/cygwin/GNUARM/bin/../lib/gcc/arm-elf/4.0.2/thumb/interwork/libgcc.a(_addsubdf3.o)
__aeabi_cdcmpeq                                   /cygdrive/C/cygwin/GNUARM/bin/../lib/gcc/arm-elf/4.0.2/thumb/interwork/libgcc.a(_cmpdf2.o)
__aeabi_cdcmple                                   /cygdrive/C/cygwin/GNUARM/bin/../lib/gcc/arm-elf/4.0.2/thumb/interwork/libgcc.a(_cmpdf2.o)
__aeabi_cdrcmple                                  /cygdrive/C/cygwin/GNUARM/bin/../lib/gcc/arm-elf/4.0.2/thumb/interwork/libgcc.a(_cmpdf2.o)
__aeabi_dadd                                      /cygdrive/C/cygwin/GNUARM/bin/../lib/gcc/arm-elf/4.0.2/thumb/interwork/libgcc.a(_addsubdf3.o)
__aeabi_dcmpeq                                    /cygdrive/C/cygwin/GNUARM/bin/../lib/gcc/arm-elf/4.0.2/thumb/interwork/libgcc.a(_cmpdf2.o)
__aeabi_dcmpge                                    /cygdrive/C/cygwin/GNUARM/bin/../lib/gcc/arm-elf/4.0.2/thumb/interwork/libgcc.a(_cmpdf2.o)
__aeabi_dcmpgt                                    /cygdrive/C/cygwin/GNUARM/bin/../lib/gcc/arm-elf/4.0.2/thumb/interwork/libgcc.a(_cmpdf2.o)
__aeabi_dcmple                                    /cygdrive/C/cygwin/GNUARM/bin/../lib/gcc/arm-elf/4.0.2/thumb/interwork/libgcc.a(_cmpdf2.o)
__aeabi_dcmplt                                    /cygdrive/C/cygwin/GNUARM/bin/../lib/gcc/arm-elf/4.0.2/thumb/interwork/libgcc.a(_cmpdf2.o)
__aeabi_ddiv                                      /cygdrive/C/cygwin/GNUARM/bin/../lib/gcc/arm-elf/4.0.2/thumb/interwork/libgcc.a(_muldivdf3.o)
__aeabi_dmul                                      /cygdrive/C/cygwin/GNUARM/bin/../lib/gcc/arm-elf/4.0.2/thumb/interwork/libgcc.a(_muldivdf3.o)
__aeabi_drsub                                     /cygdrive/C/cygwin/GNUARM/bin/../lib/gcc/arm-elf/4.0.2/thumb/interwork/libgcc.a(_addsubdf3.o)
__aeabi_dsub                                      /cygdrive/C/cygwin/GNUARM/bin/../lib/gcc/arm-elf/4.0.2/thumb/interwork/libgcc.a(_addsubdf3.o)
__aeabi_f2d                                       /cygdrive/C/cygwin/GNUARM/bin/../lib/gcc/arm-elf/4.0.2/thumb/interwork/libgcc.a(_addsubdf3.o)
__aeabi_i2d                                       /cygdrive/C/cygwin/GNUARM/bin/../lib/gcc/arm-elf/4.0.2/thumb/interwork/libgcc.a(_addsubdf3.o)
__aeabi_idiv0                                     /cygdrive/C/cygwin/GNUARM/bin/../lib/gcc/arm-elf/4.0.2/thumb/interwork/libgcc.a(_dvmd_tls.o)
__aeabi_idivmod                                   /cygdrive/C/cygwin/GNUARM/bin/../lib/gcc/arm-elf/4.0.2/thumb/interwork/libgcc.a(_divsi3.o)
__aeabi_l2d                                       /cygdrive/C/cygwin/GNUARM/bin/../lib/gcc/arm-elf/4.0.2/thumb/interwork/libgcc.a(_addsubdf3.o)
__aeabi_ldiv0                                     /cygdrive/C/cygwin/GNUARM/bin/../lib/gcc/arm-elf/4.0.2/thumb/interwork/libgcc.a(_dvmd_tls.o)
__aeabi_ui2d                                      /cygdrive/C/cygwin/GNUARM/bin/../lib/gcc/arm-elf/4.0.2/thumb/interwork/libgcc.a(_addsubdf3.o)
__aeabi_uidivmod                                  /cygdrive/C/cygwin/GNUARM/bin/../lib/gcc/arm-elf/4.0.2/thumb/interwork/libgcc.a(_udivsi3.o)
__aeabi_ul2d                                      /cygdrive/C/cygwin/GNUARM/bin/../lib/gcc/arm-elf/4.0.2/thumb/interwork/libgcc.a(_addsubdf3.o)
__bss_end__                                       build/ecrobot_init.o
__bss_start__                                     build/ecrobot_init.o
__call_posttaskhook_from_arm                      /cygdrive/C/cygwin/GNUARM/bin/../lib/gcc/arm-elf/4.0.2/../../../../arm-elf/lib/thumb/interwork/libc.a(strncpy.o)
__call_pretaskhook_from_arm                       /cygdrive/C/cygwin/GNUARM/bin/../lib/gcc/arm-elf/4.0.2/../../../../arm-elf/lib/thumb/interwork/libc.a(strncpy.o)
__clz_tab                                         /cygdrive/C/cygwin/GNUARM/bin/../lib/gcc/arm-elf/4.0.2/thumb/interwork/libgcc.a(_clz.o)
                                                  /cygdrive/C/cygwin/GNUARM/bin/../lib/gcc/arm-elf/4.0.2/thumb/interwork/libgcc.a(_divdi3.o)
__cmpdf2                                          /cygdrive/C/cygwin/GNUARM/bin/../lib/gcc/arm-elf/4.0.2/thumb/interwork/libgcc.a(_cmpdf2.o)
__ctor_begin                                      build/ecrobot_base.o
__ctor_end                                        build/ecrobot_base.o
__data_load_end__                                 build/ecrobot_init.o
__data_load_start__                               build/ecrobot_init.o
__data_ram_start__                                build/ecrobot_init.o
__disable_int_change_to_arm                       /cygdrive/C/cygwin/GNUARM/bin/../lib/gcc/arm-elf/4.0.2/../../../../arm-elf/lib/thumb/interwork/libc.a(strncpy.o)
__disable_int_from_thumb                          /cygdrive/C/cygwin/GNUARM/bin/../lib/gcc/arm-elf/4.0.2/../../../../arm-elf/lib/thumb/interwork/libc.a(strncpy.o)
__dispatch_change_to_arm                          /cygdrive/C/cygwin/GNUARM/bin/../lib/gcc/arm-elf/4.0.2/../../../../arm-elf/lib/thumb/interwork/libc.a(strncpy.o)
__dispatch_from_thumb                             /cygdrive/C/cygwin/GNUARM/bin/../lib/gcc/arm-elf/4.0.2/../../../../arm-elf/lib/thumb/interwork/libc.a(strncpy.o)
__display_bios_status_change_to_arm               /cygdrive/C/cygwin/GNUARM/bin/../lib/gcc/arm-elf/4.0.2/../../../../arm-elf/lib/thumb/interwork/libc.a(strncpy.o)
__display_bios_status_from_thumb                  /cygdrive/C/cygwin/GNUARM/bin/../lib/gcc/arm-elf/4.0.2/../../../../arm-elf/lib/thumb/interwork/libc.a(strncpy.o)
__div0                                            /cygdrive/C/cygwin/GNUARM/bin/../lib/gcc/arm-elf/4.0.2/thumb/interwork/libgcc.a(_dvmd_tls.o)
                                                  /cygdrive/C/cygwin/GNUARM/bin/../lib/gcc/arm-elf/4.0.2/thumb/interwork/libgcc.a(_modsi3.o)
                                                  /cygdrive/C/cygwin/GNUARM/bin/../lib/gcc/arm-elf/4.0.2/thumb/interwork/libgcc.a(_umodsi3.o)
                                                  /cygdrive/C/cygwin/GNUARM/bin/../lib/gcc/arm-elf/4.0.2/thumb/interwork/libgcc.a(_divsi3.o)
                                                  /cygdrive/C/cygwin/GNUARM/bin/../lib/gcc/arm-elf/4.0.2/thumb/interwork/libgcc.a(_udivsi3.o)
__divdf3                                          /cygdrive/C/cygwin/GNUARM/bin/../lib/gcc/arm-elf/4.0.2/thumb/interwork/libgcc.a(_muldivdf3.o)
__divdi3                                          /cygdrive/C/cygwin/GNUARM/bin/../lib/gcc/arm-elf/4.0.2/thumb/interwork/libgcc.a(_divdi3.o)
                                                  /cygdrive/C/cygwin/nxtOSEK/ecrobot/../ecrobot/libecrobot.a(sound.oram)
__divsi3                                          /cygdrive/C/cygwin/GNUARM/bin/../lib/gcc/arm-elf/4.0.2/thumb/interwork/libgcc.a(_divsi3.o)
                                                  /cygdrive/C/cygwin/nxtOSEK/ecrobot/../ecrobot/libecrobot.a(sound.oram)
                                                  /cygdrive/C/cygwin/nxtOSEK/ecrobot/../ecrobot/libecrobot.a(uart.oram)
                                                  build/src/robot/main.o
__dtor_begin                                      build/ecrobot_base.o
__dtor_end                                        build/ecrobot_base.o
__ecrobot_debug1_from_arm                         /cygdrive/C/cygwin/GNUARM/bin/../lib/gcc/arm-elf/4.0.2/../../../../arm-elf/lib/thumb/interwork/libc.a(strncpy.o)
__ecrobot_debug2_from_arm                         /cygdrive/C/cygwin/GNUARM/bin/../lib/gcc/arm-elf/4.0.2/../../../../arm-elf/lib/thumb/interwork/libc.a(strncpy.o)
__enable_int_change_to_arm                        /cygdrive/C/cygwin/GNUARM/bin/../lib/gcc/arm-elf/4.0.2/../../../../arm-elf/lib/thumb/interwork/libc.a(strncpy.o)
__enable_int_from_thumb                           /cygdrive/C/cygwin/GNUARM/bin/../lib/gcc/arm-elf/4.0.2/../../../../arm-elf/lib/thumb/interwork/libc.a(strncpy.o)
__eqdf2                                           /cygdrive/C/cygwin/GNUARM/bin/../lib/gcc/arm-elf/4.0.2/thumb/interwork/libgcc.a(_cmpdf2.o)
__exit_and_dispatch_change_to_arm                 /cygdrive/C/cygwin/GNUARM/bin/../lib/gcc/arm-elf/4.0.2/../../../../arm-elf/lib/thumb/interwork/libc.a(strncpy.o)
__exit_and_dispatch_from_thumb                    /cygdrive/C/cygwin/GNUARM/bin/../lib/gcc/arm-elf/4.0.2/../../../../arm-elf/lib/thumb/interwork/libc.a(strncpy.o)
__extendsfdf2                                     /cygdrive/C/cygwin/GNUARM/bin/../lib/gcc/arm-elf/4.0.2/thumb/interwork/libgcc.a(_addsubdf3.o)
__floatdidf                                       /cygdrive/C/cygwin/GNUARM/bin/../lib/gcc/arm-elf/4.0.2/thumb/interwork/libgcc.a(_addsubdf3.o)
__floatsidf                                       /cygdrive/C/cygwin/GNUARM/bin/../lib/gcc/arm-elf/4.0.2/thumb/interwork/libgcc.a(_addsubdf3.o)
                                                  /cygdrive/C/cygwin/nxtOSEK/ecrobot/../ecrobot/libecrobot.a(colorsensor.o)
__floatundidf                                     /cygdrive/C/cygwin/GNUARM/bin/../lib/gcc/arm-elf/4.0.2/thumb/interwork/libgcc.a(_addsubdf3.o)
__floatunsidf                                     /cygdrive/C/cygwin/GNUARM/bin/../lib/gcc/arm-elf/4.0.2/thumb/interwork/libgcc.a(_addsubdf3.o)